 SciLexer

 Timestamp is 51180d8c (Mon Feb 11 03:13:48 2013)

 Preferred load address is 10000000

 Start         Length     Name                   Class
 0001:00000000 0009418cH .text                   CODE
 0001:00094190 00001e31H .text$x                 CODE
 0001:00095fd0 000011deH .text$yc                CODE
 0001:000971b0 0000062fH .text$yd                CODE
 0002:00000000 00000354H .idata$5                DATA
 0002:00000354 00000004H .CRT$XCA                DATA
 0002:00000358 00000180H .CRT$XCU                DATA
 0002:000004d8 00000004H .CRT$XCZ                DATA
 0002:000004dc 00000004H .CRT$XIA                DATA
 0002:000004e0 00000014H .CRT$XIC                DATA
 0002:000004f4 00000004H .CRT$XIZ                DATA
 0002:000004f8 00000004H .CRT$XPA                DATA
 0002:000004fc 00000004H .CRT$XPX                DATA
 0002:00000500 00000004H .CRT$XPXA               DATA
 0002:00000504 00000004H .CRT$XPZ                DATA
 0002:00000508 00000004H .CRT$XTA                DATA
 0002:0000050c 00000004H .CRT$XTZ                DATA
 0002:00000510 00005eb8H .rdata                  DATA
 0002:000063c8 00000c60H .rdata$r                DATA
 0002:00007030 00000278H .rdata$sxdata           DATA
 0002:000072a8 00000004H .rtc$IAA                DATA
 0002:000072ac 00000004H .rtc$IZZ                DATA
 0002:000072b0 00000004H .rtc$TAA                DATA
 0002:000072b4 00000004H .rtc$TZZ                DATA
 0002:000072b8 00002788H .xdata$x                DATA
 0002:00009a40 00000078H .idata$2                DATA
 0002:00009ab8 00000014H .idata$3                DATA
 0002:00009acc 00000354H .idata$4                DATA
 0002:00009e20 00000e32H .idata$6                DATA
 0002:0000ac60 0000005cH .edata                  DATA
 0003:00000000 0000201fH .data                   DATA
 0003:00002020 00442bfcH .bss                    DATA
 0004:00000000 000000e8H .rsrc$01                DATA
 0004:000000f0 00000488H .rsrc$02                DATA

  Address         Publics by Value              Rva+Base       Lib:Object

 0000:00000000       __except_list              00000000     <absolute>
 0000:0000009e       ___safe_se_handler_count   0000009e     <absolute>
 0000:00000000       ___ImageBase               10000000     <linker-defined>
 0001:00000000       ??0AutoComplete@@QAE@XZ    10001000 f   AutoComplete.obj
 0001:00000050       ??1AutoComplete@@QAE@XZ    10001050 f   AutoComplete.obj
 0001:00000080       ?Active@AutoComplete@@QBE_NXZ 10001080 f   AutoComplete.obj
 0001:00000090       ?SetStopChars@AutoComplete@@QAEXPBD@Z 10001090 f   AutoComplete.obj
 0001:000000c0       ?IsStopChar@AutoComplete@@QAE_ND@Z 100010c0 f   AutoComplete.obj
 0001:000000f0       ?SetFillUpChars@AutoComplete@@QAEXPBD@Z 100010f0 f   AutoComplete.obj
 0001:00000120       ?IsFillUpChar@AutoComplete@@QAE_ND@Z 10001120 f   AutoComplete.obj
 0001:00000150       ?SetSeparator@AutoComplete@@QAEXD@Z 10001150 f   AutoComplete.obj
 0001:00000160       ?GetSeparator@AutoComplete@@QBEDXZ 10001160 f   AutoComplete.obj
 0001:00000170       ?SetTypesep@AutoComplete@@QAEXD@Z 10001170 f   AutoComplete.obj
 0001:00000180       ?GetTypesep@AutoComplete@@QBEDXZ 10001180 f   AutoComplete.obj
 0001:00000190       ?SetList@AutoComplete@@QAEXPBD@Z 10001190 f   AutoComplete.obj
 0001:000001c0       ?Show@AutoComplete@@QAEX_N@Z 100011c0 f   AutoComplete.obj
 0001:000001f0       ?Cancel@AutoComplete@@QAEXXZ 100011f0 f   AutoComplete.obj
 0001:00000220       ?Move@AutoComplete@@QAEXH@Z 10001220 f   AutoComplete.obj
 0001:00000270       ?Select@AutoComplete@@QAEXPBD@Z 10001270 f   AutoComplete.obj
 0001:000004d0       ?Start@AutoComplete@@QAEXAAVWindow@@HHVPoint@@HH_N@Z 100014d0 f   AutoComplete.obj
 0001:00000550       ??_EWindow@@UAEPAXI@Z      10001550 f i CallTip.obj
 0001:00000550       ??_GWindow@@UAEPAXI@Z      10001550 f i CallTip.obj
 0001:00000580       ??1CallTip@@QAE@XZ         10001580 f   CallTip.obj
 0001:00000620       ?RefreshColourPalette@CallTip@@QAEXAAVPalette@@_N@Z 10001620 f   CallTip.obj
 0001:000006a0       ?IsTabCharacter@CallTip@@ABE_ND@Z 100016a0 f   CallTip.obj
 0001:000006c0       ?NextTabPos@CallTip@@AAEHH@Z 100016c0 f   CallTip.obj
 0001:000006f0       ?DrawChunk@CallTip@@AAEXPAVSurface@@AAHPBDHHHVPRectangle@@_N4@Z 100016f0 f   CallTip.obj
 0001:000009a0       ?PaintContents@CallTip@@AAEHPAVSurface@@_N@Z 100019a0 f   CallTip.obj
 0001:00000b80       ?PaintCT@CallTip@@QAEXPAVSurface@@@Z 10001b80 f   CallTip.obj
 0001:00000c60       ?MouseClick@CallTip@@QAEXVPoint@@@Z 10001c60 f   CallTip.obj
 0001:00000cc0       ?CallTipStart@CallTip@@QAE?AVPRectangle@@HVPoint@@PBD1HHHAAVWindow@@@Z 10001cc0 f   CallTip.obj
 0001:00000e70       ?CallTipCancel@CallTip@@QAEXXZ 10001e70 f   CallTip.obj
 0001:00000e90       ?SetHighlight@CallTip@@QAEXHH@Z 10001e90 f   CallTip.obj
 0001:00000ec0       ?SetTabSize@CallTip@@QAEXH@Z 10001ec0 f   CallTip.obj
 0001:00000ee0       ?SetForeBack@CallTip@@QAEXABUColourPair@@0@Z 10001ee0 f   CallTip.obj
 0001:00000f10       ??0CallTip@@QAE@XZ         10001f10 f   CallTip.obj
 0001:00000fb0       ?RangeAddDelta@SplitVectorWithRangeAdd@@QAEXHHH@Z 10001fb0 f i CellBuffer.obj
 0001:00001020       ?SetPerLine@LineVector@@QAEXPAVPerLine@@@Z 10002020 f   CellBuffer.obj
 0001:00001030       ??0Action@@QAE@XZ          10002030 f   CellBuffer.obj
 0001:00001050       ?Create@Action@@QAEXW4actionType@@HPADH_N@Z 10002050 f   CellBuffer.obj
 0001:00001090       ?Destroy@Action@@QAEXXZ    10002090 f   CellBuffer.obj
 0001:000010b0       ?Grab@Action@@QAEXPAV1@@Z  100020b0 f   CellBuffer.obj
 0001:00001100       ?DropUndoSequence@UndoHistory@@QAEXXZ 10002100 f   CellBuffer.obj
 0001:00001110       ?DeleteUndoHistory@UndoHistory@@QAEXXZ 10002110 f   CellBuffer.obj
 0001:00001190       ?SetSavePoint@UndoHistory@@QAEXXZ 10002190 f   CellBuffer.obj
 0001:000011a0       ?IsSavePoint@UndoHistory@@QBE_NXZ 100021a0 f   CellBuffer.obj
 0001:000011b0       ?CanUndo@UndoHistory@@QBE_NXZ 100021b0 f   CellBuffer.obj
 0001:000011d0       ?StartUndo@UndoHistory@@QAEHXZ 100021d0 f   CellBuffer.obj
 0001:00001220       ?GetUndoStep@UndoHistory@@QBEABVAction@@XZ 10002220 f   CellBuffer.obj
 0001:00001230       ?CompletedUndoStep@UndoHistory@@QAEXXZ 10002230 f   CellBuffer.obj
 0001:00001240       ?CanRedo@UndoHistory@@QBE_NXZ 10002240 f   CellBuffer.obj
 0001:00001250       ?StartRedo@UndoHistory@@QAEHXZ 10002250 f   CellBuffer.obj
 0001:000012a0       ?GetRedoStep@UndoHistory@@QBEABVAction@@XZ 100022a0 f   CellBuffer.obj
 0001:000012b0       ?CompletedRedoStep@UndoHistory@@QAEXXZ 100022b0 f   CellBuffer.obj
 0001:000012c0       ?SetPerLine@CellBuffer@@QAEXPAVPerLine@@@Z 100022c0 f   CellBuffer.obj
 0001:000012d0       ?IsReadOnly@CellBuffer@@QBE_NXZ 100022d0 f   CellBuffer.obj
 0001:000012e0       ?SetReadOnly@CellBuffer@@QAEX_N@Z 100022e0 f   CellBuffer.obj
 0001:000012f0       ?SetSavePoint@CellBuffer@@QAEXXZ 100022f0 f   CellBuffer.obj
 0001:00001300       ?IsSavePoint@CellBuffer@@QAE_NXZ 10002300 f   CellBuffer.obj
 0001:00001310       ?SetUndoCollection@CellBuffer@@QAE_N_N@Z 10002310 f   CellBuffer.obj
 0001:00001330       ?IsCollectingUndo@CellBuffer@@QBE_NXZ 10002330 f   CellBuffer.obj
 0001:00001340       ?DeleteUndoHistory@CellBuffer@@QAEXXZ 10002340 f   CellBuffer.obj
 0001:00001350       ?CanUndo@CellBuffer@@QAE_NXZ 10002350 f   CellBuffer.obj
 0001:00001370       ?StartUndo@CellBuffer@@QAEHXZ 10002370 f   CellBuffer.obj
 0001:000013c0       ?GetUndoStep@CellBuffer@@QBEABVAction@@XZ 100023c0 f   CellBuffer.obj
 0001:000013d0       ?CanRedo@CellBuffer@@QAE_NXZ 100023d0 f   CellBuffer.obj
 0001:000013e0       ?StartRedo@CellBuffer@@QAEHXZ 100023e0 f   CellBuffer.obj
 0001:00001430       ?GetRedoStep@CellBuffer@@QBEABVAction@@XZ 10002430 f   CellBuffer.obj
 0001:00001440       ?InsertText@LineVector@@QAEXHH@Z 10002440 f   CellBuffer.obj
 0001:00001450       ?SetLineStart@LineVector@@QAEXHH@Z 10002450 f   CellBuffer.obj
 0001:00001460       ?LineFromPosition@LineVector@@QBEHH@Z 10002460 f   CellBuffer.obj
 0001:00001470       ??1Action@@QAE@XZ          10002470 f   CellBuffer.obj
 0001:00001490       ??0UndoHistory@@QAE@XZ     10002490 f   CellBuffer.obj
 0001:00001560       ??1UndoHistory@@QAE@XZ     10002560 f   CellBuffer.obj
 0001:00001590       ?EnsureUndoRoom@UndoHistory@@AAEXXZ 10002590 f   CellBuffer.obj
 0001:000016e0       ?AppendAction@UndoHistory@@QAEXW4actionType@@HPADHAA_N_N@Z 100026e0 f   CellBuffer.obj
 0001:00001850       ?BeginUndoAction@UndoHistory@@QAEXXZ 10002850 f   CellBuffer.obj
 0001:000018b0       ?EndUndoAction@UndoHistory@@QAEXXZ 100028b0 f   CellBuffer.obj
 0001:00001910       ?CharAt@CellBuffer@@QBEDH@Z 10002910 f   CellBuffer.obj
 0001:00001940       ?GetCharRange@CellBuffer@@QBEXPADHH@Z 10002940 f   CellBuffer.obj
 0001:000019c0       ?StyleAt@CellBuffer@@QBEDH@Z 100029c0 f   CellBuffer.obj
 0001:00001a00       ?SetStyleAt@CellBuffer@@QAE_NHDD@Z 10002a00 f   CellBuffer.obj
 0001:00001a80       ?SetStyleFor@CellBuffer@@QAE_NHHDD@Z 10002a80 f   CellBuffer.obj
 0001:00001b10       ?Length@CellBuffer@@QBEHXZ 10002b10 f   CellBuffer.obj
 0001:00001b20       ?Lines@CellBuffer@@QBEHXZ  10002b20 f   CellBuffer.obj
 0001:00001b30       ?LineStart@CellBuffer@@QBEHH@Z 10002b30 f   CellBuffer.obj
 0001:00001b60       ?BeginUndoAction@CellBuffer@@QAEXXZ 10002b60 f   CellBuffer.obj
 0001:00001b70       ?EndUndoAction@CellBuffer@@QAEXXZ 10002b70 f   CellBuffer.obj
 0001:00001b80       ?AddUndoAction@CellBuffer@@QAEXH_N@Z 10002b80 f   CellBuffer.obj
 0001:00001bb0       ?RemoveLine@LineVector@@QAEXH@Z 10002bb0 f   CellBuffer.obj
 0001:00001be0       ?Allocate@CellBuffer@@QAEXH@Z 10002be0 f   CellBuffer.obj
 0001:00001c90       ?RemoveLine@CellBuffer@@QAEXH@Z 10002c90 f   CellBuffer.obj
 0001:00001cc0       ??1LineVector@@QAE@XZ      10002cc0 f   CellBuffer.obj
 0001:00001d60       ?Init@LineVector@@QAEXXZ   10002d60 f   CellBuffer.obj
 0001:00001db0       ?InsertLine@LineVector@@QAEXHH_N@Z 10002db0 f   CellBuffer.obj
 0001:00001df0       ??1CellBuffer@@QAE@XZ      10002df0 f   CellBuffer.obj
 0001:00001ea0       ?BufferPointer@CellBuffer@@QAEPBDXZ 10002ea0 f   CellBuffer.obj
 0001:00001f00       ?InsertLine@CellBuffer@@QAEXHH_N@Z 10002f00 f   CellBuffer.obj
 0001:00001f40       ?BasicInsertString@CellBuffer@@QAEXHPBDH@Z 10002f40 f   CellBuffer.obj
 0001:00002180       ?BasicDeleteChars@CellBuffer@@QAEXHH@Z 10003180 f   CellBuffer.obj
 0001:00002420       ?PerformUndoStep@CellBuffer@@QAEXXZ 10003420 f   CellBuffer.obj
 0001:00002470       ?PerformRedoStep@CellBuffer@@QAEXXZ 10003470 f   CellBuffer.obj
 0001:000024c0       ??0LineVector@@QAE@XZ      100034c0 f   CellBuffer.obj
 0001:00002550       ??0CellBuffer@@QAE@XZ      10003550 f   CellBuffer.obj
 0001:00002630       ?InsertString@CellBuffer@@QAEPBDHPBDHAA_N@Z 10003630 f   CellBuffer.obj
 0001:000026a0       ?DeleteChars@CellBuffer@@QAEPBDHHAA_N@Z 100036a0 f   CellBuffer.obj
 0001:00002740       ??1?$SplitVector@D@@QAE@XZ 10003740 f i CellBuffer.obj
 0001:00002740       ??1?$SplitVector@H@@QAE@XZ 10003740 f i CellBuffer.obj
 0001:00002760       ?GapTo@?$SplitVector@D@@IAEXH@Z 10003760 f i CellBuffer.obj
 0001:000027c0       ?ApplyStep@Partitioning@@AAEXH@Z 100037c0 f i CellBuffer.obj
 0001:00002800       ?SetPartitionStartPosition@Partitioning@@QAEXHH@Z 10003800 f i CellBuffer.obj
 0001:00002880       ?InsertText@Partitioning@@QAEXHH@Z 10003880 f i CellBuffer.obj
 0001:00002940       ?PartitionFromPosition@Partitioning@@QBEHH@Z 10003940 f i CellBuffer.obj
 0001:00002a10       ?PositionFromPartition@Partitioning@@QBEHH@Z 10003a10 f i CellBuffer.obj
 0001:00002a10       ?LineStart@LineVector@@QBEHH@Z 10003a10 f i CellBuffer.obj
 0001:00002a60       ?ReAllocate@?$SplitVector@H@@QAEXH@Z 10003a60 f i CellBuffer.obj
 0001:00002a60       ?ReAllocate@?$SplitVector@PAVMarkerHandleSet@@@@QAEXH@Z 10003a60 f i PerLine.obj
 0001:00002a60       ?ReAllocate@?$SplitVector@PAD@@QAEXH@Z 10003a60 f i PerLine.obj
 0001:00002ad0       ?ReAllocate@?$SplitVector@D@@QAEXH@Z 10003ad0 f i CellBuffer.obj
 0001:00002b30       ?RoomFor@?$SplitVector@H@@IAEXH@Z 10003b30 f i CellBuffer.obj
 0001:00002b30       ?RoomFor@?$SplitVector@PAVMarkerHandleSet@@@@IAEXH@Z 10003b30 f i PerLine.obj
 0001:00002b30       ?RoomFor@?$SplitVector@PAD@@IAEXH@Z 10003b30 f i PerLine.obj
 0001:00002b90       ?RoomFor@?$SplitVector@D@@IAEXH@Z 10003b90 f i CellBuffer.obj
 0001:00002bf0       ??1Partitioning@@QAE@XZ    10003bf0 f i CellBuffer.obj
 0001:00002c20       ?RemovePartition@Partitioning@@QAEXH@Z 10003c20 f i CellBuffer.obj
 0001:00002cc0       ?Allocate@Partitioning@@AAEXH@Z 10003cc0 f i CellBuffer.obj
 0001:00002db0       ?InsertPartition@Partitioning@@QAEXHH@Z 10003db0 f i CellBuffer.obj
 0001:00002e40       ?SetDefaultCharClasses@CharClassify@@QAEX_N@Z 10003e40 f   CharClassify.obj
 0001:00002eb0       ?SetCharClasses@CharClassify@@QAEXPBEW4cc@1@@Z 10003eb0 f   CharClassify.obj
 0001:00002ee0       ?CompareCaseInsensitive@@YAHPBD0@Z 10003ee0 f   CharClassify.obj
 0001:00002f40       ?CompareNCaseInsensitive@@YAHPBD0I@Z 10003f40 f   CharClassify.obj
 0001:00002fb0       ??0CharClassify@@QAE@XZ    10003fb0 f   CharClassify.obj
 0001:00002fc0       ??0ContractionState@@QAE@XZ 10003fc0 f   ContractionState.obj
 0001:00002fe0       ?GetVisible@ContractionState@@QBE_NH@Z 10003fe0 f   ContractionState.obj
 0001:00003020       ?GetHeight@ContractionState@@QBEHH@Z 10004020 f   ContractionState.obj
 0001:00003040       ?Check@ContractionState@@QBEXXZ 10004040 f   ContractionState.obj
 0001:00003050       ?LinesInDoc@ContractionState@@QBEHXZ 10004050 f   ContractionState.obj
 0001:00003070       ?LinesDisplayed@ContractionState@@QBEHXZ 10004070 f   ContractionState.obj
 0001:000030c0       ?DisplayFromDoc@ContractionState@@QBEHH@Z 100040c0 f   ContractionState.obj
 0001:00003130       ?DocFromDisplay@ContractionState@@QBEHH@Z 10004130 f   ContractionState.obj
 0001:00003190       ?GetExpanded@ContractionState@@QBE_NH@Z 10004190 f   ContractionState.obj
 0001:000031c0       ?DeleteLine@ContractionState@@QAEXH@Z 100041c0 f   ContractionState.obj
 0001:00003240       ?DeleteLines@ContractionState@@QAEXHH@Z 10004240 f   ContractionState.obj
 0001:000032d0       ?Clear@ContractionState@@QAEXXZ 100042d0 f   ContractionState.obj
 0001:00003380       ?InsertLine@ContractionState@@QAEXH@Z 10004380 f   ContractionState.obj
 0001:00003400       ?InsertLines@ContractionState@@QAEXHH@Z 10004400 f   ContractionState.obj
 0001:000034f0       ?ShowAll@ContractionState@@QAEXXZ 100044f0 f   ContractionState.obj
 0001:00003530       ??1ContractionState@@UAE@XZ 10004530 f   ContractionState.obj
 0001:00003540       ?EnsureData@ContractionState@@AAEXXZ 10004540 f   ContractionState.obj
 0001:00003640       ?SetVisible@ContractionState@@QAE_NHH_N@Z 10004640 f   ContractionState.obj
 0001:00003730       ?SetExpanded@ContractionState@@QAE_NH_N@Z 10004730 f   ContractionState.obj
 0001:00003790       ?SetHeight@ContractionState@@QAE_NHH@Z 10004790 f   ContractionState.obj
 0001:00003840       ??_GContractionState@@UAEPAXI@Z 10004840 f i ContractionState.obj
 0001:00003840       ??_EContractionState@@UAEPAXI@Z 10004840 f i ContractionState.obj
 0001:00003870       ??0Decoration@@QAE@H@Z     10004870 f   Decoration.obj
 0001:000038a0       ??1Decoration@@QAE@XZ      100048a0 f   Decoration.obj
 0001:000038b0       ??0DecorationList@@QAE@XZ  100048b0 f   Decoration.obj
 0001:000038d0       ?DecorationFromIndicator@DecorationList@@AAEPAVDecoration@@H@Z 100048d0 f   Decoration.obj
 0001:00003900       ?Create@DecorationList@@AAEPAVDecoration@@HH@Z 10004900 f   Decoration.obj
 0001:000039c0       ?Delete@DecorationList@@AAEXH@Z 100049c0 f   Decoration.obj
 0001:00003a30       ?SetCurrentIndicator@DecorationList@@QAEXH@Z 10004a30 f   Decoration.obj
 0001:00003a60       ?SetCurrentValue@DecorationList@@QAEXH@Z 10004a60 f   Decoration.obj
 0001:00003a80       ?InsertSpace@DecorationList@@QAEXHH@Z 10004a80 f   Decoration.obj
 0001:00003ab0       ?AllOnFor@DecorationList@@QAEHH@Z 10004ab0 f   Decoration.obj
 0001:00003af0       ?ValueAt@DecorationList@@QAEHHH@Z 10004af0 f   Decoration.obj
 0001:00003b30       ?Start@DecorationList@@QAEHHH@Z 10004b30 f   Decoration.obj
 0001:00003b70       ?End@DecorationList@@QAEHHH@Z 10004b70 f   Decoration.obj
 0001:00003bb0       ?Empty@Decoration@@QAE_NXZ 10004bb0 f   Decoration.obj
 0001:00003bd0       ??1DecorationList@@QAE@XZ  10004bd0 f   Decoration.obj
 0001:00003c10       ?FillRange@DecorationList@@QAE_NAAHH0@Z 10004c10 f   Decoration.obj
 0001:00003c90       ?DeleteAnyEmpty@DecorationList@@AAEXXZ 10004c90 f   Decoration.obj
 0001:00003cd0       ?DeleteRange@DecorationList@@QAEXHH@Z 10004cd0 f   Decoration.obj
 0001:00003d30       ??1bad_alloc@std@@UAE@XZ   10004d30 f i Document.obj
 0001:00003d40       ??_Gbad_alloc@std@@UAEPAXI@Z 10004d40 f i Document.obj
 0001:00003d40       ??_Ebad_alloc@std@@UAEPAXI@Z 10004d40 f i Document.obj
 0001:00003d70       ??1PerLine@@UAE@XZ         10004d70 f i Document.obj
 0001:00003d80       ??_EPerLine@@UAEPAXI@Z     10004d80 f i Document.obj
 0001:00003d80       ??_GPerLine@@UAEPAXI@Z     10004d80 f i Document.obj
 0001:00003db0       ??1RegexSearchBase@@UAE@XZ 10004db0 f i Document.obj
 0001:00003dc0       ??_GRegexSearchBase@@UAEPAXI@Z 10004dc0 f i Document.obj
 0001:00003dc0       ??_ERegexSearchBase@@UAEPAXI@Z 10004dc0 f i Document.obj
 0001:00003df0       ??1UndoGroup@@QAE@XZ       10004df0 f i Document.obj
 0001:00003eb0       ??1Document@@UAE@XZ        10004eb0 f   Document.obj
 0001:00003fb0       ?Init@Document@@UAEXXZ     10004fb0 f   Document.obj
 0001:00003fe0       ?InsertLine@Document@@UAEXH@Z 10004fe0 f   Document.obj
 0001:00004010       ?RemoveLine@Document@@UAEXH@Z 10005010 f   Document.obj
 0001:00004040       ?AddRef@Document@@QAEHXZ   10005040 f   Document.obj
 0001:00004050       ?Release@Document@@QAEHXZ  10005050 f   Document.obj
 0001:00004070       ?GetMark@Document@@QAEHH@Z 10005070 f   Document.obj
 0001:00004080       ?LineFromHandle@Document@@QAEHH@Z 10005080 f   Document.obj
 0001:00004090       ?LineStart@Document@@QBEHH@Z 10005090 f   Document.obj
 0001:000040a0       ?LineFromPosition@Document@@QBEHH@Z 100050a0 f   Document.obj
 0001:000040b0       ?GetLevel@Document@@QBEHH@Z 100050b0 f   Document.obj
 0001:000040c0       ?ClearLevels@Document@@QAEXXZ 100050c0 f   Document.obj
 0001:000040f0       ?GetFoldParent@Document@@QAEHH@Z 100050f0 f   Document.obj
 0001:00004180       ?ClampPositionIntoDocument@Document@@QAEHH@Z 10005180 f   Document.obj
 0001:000041a0       ?IsCrLf@Document@@QAE_NH@Z 100051a0 f   Document.obj
 0001:00004200       ?LenChar@Document@@QAEHH@Z 10005200 f   Document.obj
 0001:000043a0       ?InGoodUTF8@Document@@QAE_NHAAH0@Z 100053a0 f   Document.obj
 0001:000044a0       ?MovePositionOutsideChar@Document@@QAEHHH_N@Z 100054a0 f   Document.obj
 0001:00004660       ?ModifiedAt@Document@@QAEXH@Z 10005660 f   Document.obj
 0001:000046f0       ?GetLineIndentPosition@Document@@QBEHH@Z 100056f0 f   Document.obj
 0001:00004740       ?TransformLineEnds@Document@@SAPADPAHPBDIH@Z 10005740 f   Document.obj
 0001:000047d0       ?WordCharClass@Document@@AAE?AW4cc@CharClassify@@E@Z 100057d0 f   Document.obj
 0001:00004800       ?ExtendWordSelect@Document@@QAEHHH_N@Z 10005800 f   Document.obj
 0001:00004930       ?NextWordStart@Document@@QAEHHH@Z 10005930 f   Document.obj
 0001:00004ad0       ?NextWordEnd@Document@@QAEHHH@Z 10005ad0 f   Document.obj
 0001:00004c80       ?IsWordStartAt@Document@@AAE_NH@Z 10005c80 f   Document.obj
 0001:00004d20       ?IsWordEndAt@Document@@AAE_NH@Z 10005d20 f   Document.obj
 0001:00004dc0       ?IsWordAt@Document@@AAE_NHH@Z 10005dc0 f   Document.obj
 0001:00004e20       ?ExtractChar@Document@@QAEIHPAD@Z 10005e20 f   Document.obj
 0001:00004ea0       ??1CaseFolderTable@@UAE@XZ 10005ea0 f   Document.obj
 0001:00004eb0       ?Fold@CaseFolderTable@@UAEIPADIPBDI@Z 10005eb0 f   Document.obj
 0001:00004ef0       ?SetTranslation@CaseFolderTable@@QAEXDD@Z 10005ef0 f   Document.obj
 0001:00004f10       ?StandardASCII@CaseFolderTable@@QAEXXZ 10005f10 f   Document.obj
 0001:00004f40       ?MatchesWordOptions@Document@@QAE_N_N0HH@Z 10005f40 f   Document.obj
 0001:00004fa0       ?SubstituteByPosition@Document@@QAEPBDPBDPAH@Z 10005fa0 f   Document.obj
 0001:00004fd0       ?LinesTotal@Document@@QBEHXZ 10005fd0 f   Document.obj
 0001:00004fe0       ?SetDefaultCharClasses@Document@@QAEX_N@Z 10005fe0 f   Document.obj
 0001:00004ff0       ?SetCharClasses@Document@@QAEXPBEW4cc@CharClassify@@@Z 10005ff0 f   Document.obj
 0001:00005000       ?SetStylingBits@Document@@QAEXH@Z 10006000 f   Document.obj
 0001:00005020       ?StartStyling@Document@@QAEXHD@Z 10006020 f   Document.obj
 0001:00005040       ?GetLineState@Document@@QBEHH@Z 10006040 f   Document.obj
 0001:00005050       ?GetMaxLineState@Document@@QAEHXZ 10006050 f   Document.obj
 0001:00005060       ?MarginStyledText@Document@@QAE?AUStyledText@@H@Z 10006060 f   Document.obj
 0001:000050d0       ?MarginSetStyle@Document@@QAEXHH@Z 100060d0 f   Document.obj
 0001:000050e0       ?MarginSetStyles@Document@@QAEXHPBE@Z 100060e0 f   Document.obj
 0001:000050f0       ?MarginLength@Document@@QBEHH@Z 100060f0 f   Document.obj
 0001:00005100       ?AnnotationAny@Document@@QBE_NXZ 10006100 f   Document.obj
 0001:00005110       ?AnnotationStyledText@Document@@QAE?AUStyledText@@H@Z 10006110 f   Document.obj
 0001:00005180       ?AnnotationSetStyle@Document@@QAEXHH@Z 10006180 f   Document.obj
 0001:00005190       ?AnnotationSetStyles@Document@@QAEXHPBE@Z 10006190 f   Document.obj
 0001:000051a0       ?AnnotationLength@Document@@QBEHH@Z 100061a0 f   Document.obj
 0001:000051b0       ?AnnotationLines@Document@@QBEHH@Z 100061b0 f   Document.obj
 0001:000051c0       ?IncrementStyleClock@Document@@QAEXXZ 100061c0 f   Document.obj
 0001:000051e0       ?RemoveWatcher@Document@@QAE_NPAVDocWatcher@@PAX@Z 100061e0 f   Document.obj
 0001:00005300       ?NotifyModifyAttempt@Document@@AAEXXZ 10006300 f   Document.obj
 0001:00005340       ?NotifySavePoint@Document@@AAEX_N@Z 10006340 f   Document.obj
 0001:00005390       ?NotifyModified@Document@@AAEXVDocModification@@@Z 10006390 f   Document.obj
 0001:00005430       ?IsWordPartSeparator@Document@@QAE_ND@Z 10006430 f   Document.obj
 0001:00005480       ?WordPartLeft@Document@@QAEHH@Z 10006480 f   Document.obj
 0001:00005740       ?WordPartRight@Document@@QAEHH@Z 10006740 f   Document.obj
 0001:00005a20       ?IsLineEndChar@@YA_ND@Z    10006a20 f   Document.obj
 0001:00005a40       ?ExtendStyleRange@Document@@QAEHHH_N@Z 10006a40 f   Document.obj
 0001:00005b90       ?BraceMatch@Document@@QAEHHH@Z 10006b90 f   Document.obj
 0001:00005d30       ?SubstituteByPosition@BuiltinRegex@@UAEPBDPAVDocument@@PBDPAH@Z 10006d30 f   Document.obj
 0001:00005f30       ?SetSavePoint@Document@@QAEXXZ 10006f30 f   Document.obj
 0001:00005f50       ?AddMark@Document@@QAEHHH@Z 10006f50 f   Document.obj
 0001:00005fe0       ?AddMarkSet@Document@@QAEXHH@Z 10006fe0 f   Document.obj
 0001:00006070       ?DeleteMark@Document@@QAEXHH@Z 10007070 f   Document.obj
 0001:000060e0       ?DeleteMarkFromHandle@Document@@QAEXH@Z 100070e0 f   Document.obj
 0001:00006150       ?DeleteAllMarks@Document@@QAEXH@Z 10007150 f   Document.obj
 0001:000061e0       ?LineEnd@Document@@QBEHH@Z 100071e0 f   Document.obj
 0001:00006240       ?LineEndPosition@Document@@QBEHH@Z 10007240 f   Document.obj
 0001:000062b0       ?IsLineEndPosition@Document@@QBE_NH@Z 100072b0 f   Document.obj
 0001:00006330       ?VCHomePosition@Document@@QBEHH@Z 10007330 f   Document.obj
 0001:000063e0       ?SetLevel@Document@@QAEHHH@Z 100073e0 f   Document.obj
 0001:00006470       ?CheckReadOnly@Document@@QAEXXZ 10007470 f   Document.obj
 0001:000064b0       ?DeleteChars@Document@@QAE_NHH@Z 100074b0 f   Document.obj
 0001:00006660       ?InsertString@Document@@QAE_NHPBDH@Z 10007660 f   Document.obj
 0001:000067f0       ?Undo@Document@@QAEHXZ     100077f0 f   Document.obj
 0001:00006a30       ?Redo@Document@@QAEHXZ     10007a30 f   Document.obj
 0001:00006c70       ?InsertChar@Document@@QAE_NHD@Z 10007c70 f   Document.obj
 0001:00006c90       ?InsertCString@Document@@QAE_NHPBD@Z 10007c90 f   Document.obj
 0001:00006cc0       ?ChangeChar@Document@@QAEXHD@Z 10007cc0 f   Document.obj
 0001:00006cf0       ?DelChar@Document@@QAEXH@Z 10007cf0 f   Document.obj
 0001:00006d10       ?DelCharBack@Document@@QAEXH@Z 10007d10 f   Document.obj
 0001:00006d80       ?GetLineIndentation@Document@@QAEHH@Z 10007d80 f   Document.obj
 0001:00006e00       ?SetLineIndentation@Document@@QAEXHH@Z 10007e00 f   Document.obj
 0001:00006f40       ?GetColumn@Document@@QAEHH@Z 10007f40 f   Document.obj
 0001:00006fe0       ?FindColumn@Document@@QAEHHH@Z 10007fe0 f   Document.obj
 0001:000071a0       ?Indent@Document@@QAEX_NHH@Z 100081a0 f   Document.obj
 0001:00007260       ?ConvertLineEnds@Document@@QAEXH@Z 10008260 f   Document.obj
 0001:00007380       ?IsWhiteLine@Document@@QBE_NH@Z 10008380 f   Document.obj
 0001:00007410       ?ParaUp@Document@@QAEHH@Z  10008410 f   Document.obj
 0001:00007500       ?ParaDown@Document@@QAEHH@Z 10008500 f   Document.obj
 0001:00007590       ??0CaseFolderTable@@QAE@XZ 10008590 f   Document.obj
 0001:000075b0       ?ChangeCase@Document@@QAEXVRange@@_N@Z 100085b0 f   Document.obj
 0001:00007660       ?SetStyleFor@Document@@QAE_NHD@Z 10008660 f   Document.obj
 0001:00007710       ?SetStyles@Document@@QAE_NHPBD@Z 10008710 f   Document.obj
 0001:000077f0       ?EnsureStyledTo@Document@@QAEXH@Z 100087f0 f   Document.obj
 0001:00007870       ?SetLineState@Document@@QAEHHH@Z 10008870 f   Document.obj
 0001:000078e0       ?MarginSetText@Document@@QAEXHPBD@Z 100088e0 f   Document.obj
 0001:00007950       ?MarginClearAll@Document@@QAEXXZ 10008950 f   Document.obj
 0001:000079e0       ?AnnotationSetText@Document@@QAEXHPBD@Z 100089e0 f   Document.obj
 0001:00007a70       ?AnnotationClearAll@Document@@QAEXXZ 10008a70 f   Document.obj
 0001:00007b20       ?DecorationFillRange@Document@@QAEXHHH@Z 10008b20 f   Document.obj
 0001:00007b90       ?AddWatcher@Document@@QAE_NPAVDocWatcher@@PAX@Z 10008b90 f   Document.obj
 0001:00007c90       ?FindText@BuiltinRegex@@UAEJPAVDocument@@HHPBD_N22HPAH@Z 10008c90 f   Document.obj
 0001:00007ee0       ?CreateRegexSearch@@YAPAVRegexSearchBase@@PAVCharClassify@@@Z 10008ee0 f   Document.obj
 0001:00007f70       ?GetLastChild@Document@@QAEHHH@Z 10008f70 f   Document.obj
 0001:00008030       ??0Document@@QAE@XZ        10009030 f   Document.obj
 0001:00008220       ?FindText@Document@@QAEJHHPBD_N111HPAHPAVCaseFolder@@@Z 10009220 f   Document.obj
 0001:00008910       ??1?$SplitVector@PAVMarkerHandleSet@@@@QAE@XZ 10009910 f i Document.obj
 0001:00008910       ??1?$SplitVector@PAD@@QAE@XZ 10009910 f i Document.obj
 0001:00008930       ??0bad_alloc@std@@QAE@ABV01@@Z 10009930 f i Document.obj
 0001:00008950       ??_EDocument@@UAEPAXI@Z    10009950 f i Document.obj
 0001:00008950       ??_GDocument@@UAEPAXI@Z    10009950 f i Document.obj
 0001:00008980       ??_ECaseFolder@@UAEPAXI@Z  10009980 f i Document.obj
 0001:00008980       ??_GCaseFolderTable@@UAEPAXI@Z 10009980 f i Document.obj
 0001:00008980       ??_GCaseFolder@@UAEPAXI@Z  10009980 f i Document.obj
 0001:00008980       ??_ECaseFolderTable@@UAEPAXI@Z 10009980 f i Document.obj
 0001:000089b0       ??_EBuiltinRegex@@UAEPAXI@Z 100099b0 f i Document.obj
 0001:000089b0       ??_GBuiltinRegex@@UAEPAXI@Z 100099b0 f i Document.obj
 0001:00008a30       ?allocate@?$allocator@D@std@@QAEPADI@Z 10009a30 f i Document.obj
 0001:00008a80       ??_ELineMarkers@@UAEPAXI@Z 10009a80 f i Document.obj
 0001:00008a80       ??_GLineMarkers@@UAEPAXI@Z 10009a80 f i Document.obj
 0001:00008ab0       ??_GLineState@@UAEPAXI@Z   10009ab0 f i Document.obj
 0001:00008ab0       ??_ELineState@@UAEPAXI@Z   10009ab0 f i Document.obj
 0001:00008ae0       ??_ELineAnnotation@@UAEPAXI@Z 10009ae0 f i Document.obj
 0001:00008ae0       ??_GLineAnnotation@@UAEPAXI@Z 10009ae0 f i Document.obj
 0001:00008b10       ??_GLineLevels@@UAEPAXI@Z  10009b10 f i Document.obj
 0001:00008b10       ??_ELineLevels@@UAEPAXI@Z  10009b10 f i Document.obj
 0001:00008b40       ?reserve@?$vector@DV?$allocator@D@std@@@std@@QAEXI@Z 10009b40 f i Document.obj
 0001:00008bb0       ?_Reserve@?$vector@DV?$allocator@D@std@@@std@@IAEXI@Z 10009bb0 f i Document.obj
 0001:00008c10       ?resize@?$vector@DV?$allocator@D@std@@@std@@QAEXI@Z 10009c10 f i Document.obj
 0001:00008c80       ??AAccessor@@QAEDH@Z       10009c80 f i DocumentAccessor.obj
 0001:00008cc0       ?SafeGetCharAt@Accessor@@QAEDHD@Z 10009cc0 f i DocumentAccessor.obj
 0001:00008d10       ??_EAccessor@@UAEPAXI@Z    10009d10 f i DocumentAccessor.obj
 0001:00008d10       ??_GAccessor@@UAEPAXI@Z    10009d10 f i DocumentAccessor.obj
 0001:00008d40       ??1DocumentAccessor@@UAE@XZ 10009d40 f   DocumentAccessor.obj
 0001:00008d50       ?InternalIsLeadByte@DocumentAccessor@@MAE_ND@Z 10009d50 f   DocumentAccessor.obj
 0001:00008d80       ?Fill@DocumentAccessor@@MAEXH@Z 10009d80 f   DocumentAccessor.obj
 0001:00008e40       ?Match@DocumentAccessor@@UAE_NHPBD@Z 10009e40 f   DocumentAccessor.obj
 0001:00008ec0       ?StyleAt@DocumentAccessor@@UAEDH@Z 10009ec0 f   DocumentAccessor.obj
 0001:00008ef0       ?GetLine@DocumentAccessor@@UAEHH@Z 10009ef0 f   DocumentAccessor.obj
 0001:00008f00       ?LineStart@DocumentAccessor@@UAEHH@Z 10009f00 f   DocumentAccessor.obj
 0001:00008f10       ?LevelAt@DocumentAccessor@@UAEHH@Z 10009f10 f   DocumentAccessor.obj
 0001:00008f20       ?Length@DocumentAccessor@@UAEHXZ 10009f20 f   DocumentAccessor.obj
 0001:00008f50       ?GetLineState@DocumentAccessor@@UAEHH@Z 10009f50 f   DocumentAccessor.obj
 0001:00008f60       ?SetLineState@DocumentAccessor@@UAEHHH@Z 10009f60 f   DocumentAccessor.obj
 0001:00008f70       ?StartAt@DocumentAccessor@@UAEXID@Z 10009f70 f   DocumentAccessor.obj
 0001:00008fa0       ?StartSegment@DocumentAccessor@@UAEXI@Z 10009fa0 f   DocumentAccessor.obj
 0001:00008fb0       ?ColourTo@DocumentAccessor@@UAEXIH@Z 10009fb0 f   DocumentAccessor.obj
 0001:00009090       ?SetLevel@DocumentAccessor@@UAEXHH@Z 1000a090 f   DocumentAccessor.obj
 0001:000090a0       ?Flush@DocumentAccessor@@UAEXXZ 1000a0a0 f   DocumentAccessor.obj
 0001:000090f0       ?IndentAmount@DocumentAccessor@@UAEHHPAHP6A_NAAVAccessor@@HH@Z@Z 1000a0f0 f   DocumentAccessor.obj
 0001:000092a0       ?IndicatorFill@DocumentAccessor@@UAEXHHHH@Z 1000a2a0 f   DocumentAccessor.obj
 0001:000092e0       ??3@YAXPAX0@Z              1000a2e0 f i Editor.obj
 0001:000092f0       ?compare@?$char_traits@D@std@@SAHPBD0I@Z 1000a2f0 f i Editor.obj
 0001:00009370       ??1DocWatcher@@UAE@XZ      1000a370 f i Editor.obj
 0001:00009380       ??_EDocWatcher@@UAEPAXI@Z  1000a380 f i Editor.obj
 0001:00009380       ??_GDocWatcher@@UAEPAXI@Z  1000a380 f i Editor.obj
 0001:000093b0       ??0SelectionPosition@@QAE@HH@Z 1000a3b0 f i Editor.obj
 0001:000093d0       ??0SelectionSegment@@QAE@VSelectionPosition@@0@Z 1000a3d0 f i Editor.obj
 0001:00009440       ?Start@SelectionRange@@QBE?AVSelectionPosition@@XZ 1000a440 f i Editor.obj
 0001:00009470       ?End@SelectionRange@@QBE?AVSelectionPosition@@XZ 1000a470 f i Editor.obj
 0001:00009520       ??0Caret@@QAE@XZ           1000a520 f   Editor.obj
 0001:00009530       ??0Timer@@QAE@XZ           1000a530 f   Editor.obj
 0001:00009540       ??0Idler@@QAE@XZ           1000a540 f   Editor.obj
 0001:00009560       ?Finalise@Editor@@MAEXXZ   1000a560 f   Editor.obj
 0001:00009580       ?DropGraphics@Editor@@IAEXXZ 1000a580 f   Editor.obj
 0001:000095d0       ?InvalidateStyleData@Editor@@IAEXXZ 1000a5d0 f   Editor.obj
 0001:00009640       ?RefreshColourPalette@Editor@@MAEXAAVPalette@@_N@Z 1000a640 f   Editor.obj
 0001:00009650       ?GetClientRectangle@Editor@@MAE?AVPRectangle@@XZ 1000a650 f   Editor.obj
 0001:00009670       ?GetTextRectangle@Editor@@IAE?AVPRectangle@@XZ 1000a670 f   Editor.obj
 0001:000096a0       ?LinesOnScreen@Editor@@IAEHXZ 1000a6a0 f   Editor.obj
 0001:000096d0       ?LinesToScroll@Editor@@IAEHXZ 1000a6d0 f   Editor.obj
 0001:00009710       ?MaxScrollPos@Editor@@IAEHXZ 1000a710 f   Editor.obj
 0001:00009770       ?ControlCharacterString@@YAPBDE@Z 1000a770 f   Editor.obj
 0001:00009880       ?ClampPositionIntoDocument@Editor@@IBE?AVSelectionPosition@@V2@@Z 1000a880 f   Editor.obj
 0001:00009910       ?XFromPosition@Editor@@IAEHVSelectionPosition@@@Z 1000a910 f   Editor.obj
 0001:00009950       ?LineFromLocation@Editor@@IAEHVPoint@@@Z 1000a950 f   Editor.obj
 0001:00009980       ?SetTopLine@Editor@@IAEXH@Z 1000a980 f   Editor.obj
 0001:000099c0       ?AbandonPaint@Editor@@IAE_NXZ 1000a9c0 f   Editor.obj
 0001:000099f0       ?RedrawRect@Editor@@IAEXVPRectangle@@@Z 1000a9f0 f   Editor.obj
 0001:00009a70       ?Redraw@Editor@@IAEXXZ     1000aa70 f   Editor.obj
 0001:00009ab0       ?RectangleFromRange@Editor@@IAE?AVPRectangle@@HH@Z 1000aab0 f   Editor.obj
 0001:00009bb0       ?InvalidateRange@Editor@@IAEXHH@Z 1000abb0 f   Editor.obj
 0001:00009c00       ?CurrentPosition@Editor@@IAEHXZ 1000ac00 f   Editor.obj
 0001:00009c10       ?SelectionEmpty@Editor@@IAE_NXZ 1000ac10 f   Editor.obj
 0001:00009c20       ?SelectionStart@Editor@@IAE?AVSelectionPosition@@XZ 1000ac20 f   Editor.obj
 0001:00009c60       ?SelectionEnd@Editor@@IAE?AVSelectionPosition@@XZ 1000ac60 f   Editor.obj
 0001:00009ca0       ?InvalidateSelection@Editor@@IAEXUSelectionRange@@_N@Z 1000aca0 f   Editor.obj
 0001:00009ea0       ?RangeContainsProtected@Editor@@IBE_NHH@Z 1000aea0 f   Editor.obj
 0001:00009f20       ?SelectionContainsProtected@Editor@@IAE_NXZ 1000af20 f   Editor.obj
 0001:00009fe0       ?MovePositionOutsideChar@Editor@@IBE?AVSelectionPosition@@V2@H_N@Z 1000afe0 f   Editor.obj
 0001:0000a150       ?MovePositionSoVisible@Editor@@IAE?AVSelectionPosition@@V2@H@Z 1000b150 f   Editor.obj
 0001:0000a250       ?MovePositionSoVisible@Editor@@IAE?AVSelectionPosition@@HH@Z 1000b250 f   Editor.obj
 0001:0000a270       ?ScrollText@Editor@@MAEXH@Z 1000b270 f   Editor.obj
 0001:0000a2c0       ?HorizontalScrollTo@Editor@@IAEXH@Z 1000b2c0 f   Editor.obj
 0001:0000a330       ?InvalidateCaret@Editor@@IAEXXZ 1000b330 f   Editor.obj
 0001:0000a420       ?UpdateSystemCaret@Editor@@MAEXXZ 1000b420 f   Editor.obj
 0001:0000a430       ?NeedWrapping@Editor@@IAEXHH@Z 1000b430 f   Editor.obj
 0001:0000a4d0       ?LinesJoin@Editor@@IAEXXZ  1000b4d0 f   Editor.obj
 0001:0000a5e0       ?StringFromEOLMode@Editor@@KAPBDH@Z 1000b5e0 f   Editor.obj
 0001:0000a610       ?SubstituteMarkerIfEmpty@Editor@@IAEHHH@Z 1000b610 f   Editor.obj
 0001:0000a640       ?ValidStyledText@@YA_NAAVViewStyle@@IABUStyledText@@@Z 1000b640 f   Editor.obj
 0001:0000a7e0       ?DrawStyledText@@YAXPAVSurface@@AAVViewStyle@@HVPRectangle@@HABUStyledText@@II@Z 1000b7e0 f   Editor.obj
 0001:0000a950       ?PaintSelMargin@Editor@@IAEXPAVSurface@@AAVPRectangle@@@Z 1000b950 f   Editor.obj
 0001:0000b150       ?DrawTabArrow@@YAXPAVSurface@@VPRectangle@@H@Z 1000c150 f   Editor.obj
 0001:0000b1f0       ?RetrieveLineLayout@Editor@@IAEPAVLineLayout@@H@Z 1000c1f0 f   Editor.obj
 0001:0000b2a0       ?BadUTF@@YA_NPBDHAAH@Z     1000c2a0 f   Editor.obj
 0001:0000b3d0       ?SelectionBackground@Editor@@IAE?AVColourAllocated@@AAVViewStyle@@_N@Z 1000c3d0 f   Editor.obj
 0001:0000b430       ?TextBackground@Editor@@IAE?AVColourAllocated@@AAVViewStyle@@_NV2@H1HHPAVLineLayout@@@Z 1000c430 f   Editor.obj
 0001:0000b550       ?DrawIndentGuide@Editor@@IAEXPAVSurface@@HHHVPRectangle@@_N@Z 1000c550 f   Editor.obj
 0001:0000b670       ?DrawTextBlob@@YAXPAVSurface@@AAVViewStyle@@VPRectangle@@PBDVColourAllocated@@4_N@Z 1000c670 f   Editor.obj
 0001:0000b7b0       ?DrawIndicators@Editor@@IAEXPAVSurface@@AAVViewStyle@@HHVPRectangle@@PAVLineLayout@@HH_N@Z 1000c7b0 f   Editor.obj
 0001:0000b9f0       ?DrawAnnotation@Editor@@IAEXPAVSurface@@AAVViewStyle@@HHVPRectangle@@PAVLineLayout@@H@Z 1000c9f0 f   Editor.obj
 0001:0000bcd0       ?ReconfigureScrollBars@Editor@@MAEXXZ 1000ccd0 f   Editor.obj
 0001:0000bce0       ?AddChar@Editor@@IAEXD@Z   1000cce0 f   Editor.obj
 0001:0000bd00       ?FilterSelections@Editor@@IAEXXZ 1000cd00 f   Editor.obj
 0001:0000bd90       ?ClearDocumentStyle@Editor@@IAEXXZ 1000cd90 f   Editor.obj
 0001:0000be30       ?CanPaste@Editor@@MAE_NXZ  1000ce30 f   Editor.obj
 0001:0000be60       ?NotifyFocus@Editor@@MAEX_N@Z 1000ce60 f   Editor.obj
 0001:0000be70       ?NotifyStyleToNeeded@Editor@@MAEXH@Z 1000ce70 f   Editor.obj
 0001:0000bec0       ?NotifyStyleNeeded@Editor@@MAEXPAVDocument@@PAXH@Z 1000cec0 f   Editor.obj
 0001:0000bee0       ?NotifyChar@Editor@@IAEXH@Z 1000cee0 f   Editor.obj
 0001:0000bf30       ?NotifySavePoint@Editor@@IAEX_N@Z 1000cf30 f   Editor.obj
 0001:0000bf90       ?NotifyModifyAttempt@Editor@@IAEXXZ 1000cf90 f   Editor.obj
 0001:0000bfe0       ?NotifyHotSpotDoubleClicked@Editor@@IAEXH_N00@Z 1000cfe0 f   Editor.obj
 0001:0000c060       ?NotifyHotSpotClicked@Editor@@IAEXH_N00@Z 1000d060 f   Editor.obj
 0001:0000c0e0       ?NotifyUpdateUI@Editor@@IAEXXZ 1000d0e0 f   Editor.obj
 0001:0000c130       ?NotifyPainted@Editor@@IAEXXZ 1000d130 f   Editor.obj
 0001:0000c180       ?NotifyIndicatorClick@Editor@@IAEX_NH000@Z 1000d180 f   Editor.obj
 0001:0000c240       ?NotifyMarginClick@Editor@@IAE_NVPoint@@_N11@Z 1000d240 f   Editor.obj
 0001:0000c390       ?NotifyNeedShown@Editor@@IAEXHH@Z 1000d390 f   Editor.obj
 0001:0000c3f0       ?NotifyZoom@Editor@@IAEXXZ 1000d3f0 f   Editor.obj
 0001:0000c440       ?NotifyModifyAttempt@Editor@@MAEXPAVDocument@@PAX@Z 1000d440 f   Editor.obj
 0001:0000c490       ?NotifySavePoint@Editor@@MAEXPAVDocument@@PAX_N@Z 1000d490 f   Editor.obj
 0001:0000c520       ?NotifyDeleted@Editor@@MAEXPAVDocument@@PAX@Z 1000d520 f   Editor.obj
 0001:0000c530       ?NotifyMacroRecord@Editor@@IAEXIKJ@Z 1000d530 f   Editor.obj
 0001:0000c750       ?CancelModes@Editor@@MAEXXZ 1000d750 f   Editor.obj
 0001:0000c760       ?KeyDefault@Editor@@MAEHHH@Z 1000d760 f   Editor.obj
 0001:0000c770       ?SetWhitespaceVisible@Editor@@IAEXH@Z 1000d770 f   Editor.obj
 0001:0000c780       ?GetWhitespaceVisible@Editor@@IAEHXZ 1000d780 f   Editor.obj
 0001:0000c790       ?Indent@Editor@@IAEX_N@Z   1000d790 f   Editor.obj
 0001:0000cd50       ?CaseFolderForEncoding@Editor@@MAEPAVCaseFolder@@XZ 1000dd50 f   Editor.obj
 0001:0000cdc0       ?SearchAnchor@Editor@@IAEXXZ 1000ddc0 f   Editor.obj
 0001:0000ce30       ?CopyRange@Editor@@IAEPADHH@Z 1000de30 f   Editor.obj
 0001:0000cea0       ?SetDragPosition@Editor@@IAEXVSelectionPosition@@@Z 1000dea0 f   Editor.obj
 0001:0000cf30       ?DisplayCursor@Editor@@MAEXW4Cursor@Window@@@Z 1000df30 f   Editor.obj
 0001:0000cf60       ?DragThreshold@Editor@@MAE_NVPoint@@0@Z 1000df60 f   Editor.obj
 0001:0000cf90       ?StartDrag@Editor@@MAEXXZ  1000df90 f   Editor.obj
 0001:0000cfa0       ?PointInSelMargin@Editor@@IAE_NVPoint@@@Z 1000dfa0 f   Editor.obj
 0001:0000d030       ?PositionIsHotspot@Editor@@IAE_NH@Z 1000e030 f   Editor.obj
 0001:0000d070       ?GetHotSpotRange@Editor@@IAEXAAH0@Z 1000e070 f   Editor.obj
 0001:0000d090       ?PositionAfterArea@Editor@@IAEHVPRectangle@@@Z 1000e090 f   Editor.obj
 0001:0000d100       ?StyleToPositionInView@Editor@@IAEXH@Z 1000e100 f   Editor.obj
 0001:0000d1e0       ?IdleStyling@Editor@@IAEXXZ 1000e1e0 f   Editor.obj
 0001:0000d270       ?QueueStyling@Editor@@MAEXH@Z 1000e270 f   Editor.obj
 0001:0000d290       ?PaintContains@Editor@@MAE_NVPRectangle@@@Z 1000e290 f   Editor.obj
 0001:0000d2f0       ?PaintContainsMargin@Editor@@IAE_NXZ 1000e2f0 f   Editor.obj
 0001:0000d340       ?CheckForChangeOutsidePaint@Editor@@IAEXVRange@@@Z 1000e340 f   Editor.obj
 0001:0000d3f0       ?SetBraceHighlight@Editor@@IAEXHHH@Z 1000e3f0 f   Editor.obj
 0001:0000d4d0       ?SetAnnotationHeights@Editor@@IAEXHH@Z 1000e4d0 f   Editor.obj
 0001:0000d520       ?SetAnnotationVisible@Editor@@IAEXH@Z 1000e520 f   Editor.obj
 0001:0000d5c0       ?Expand@Editor@@IAEXAAH_N@Z 1000e5c0 f   Editor.obj
 0001:0000d650       ?GetTag@Editor@@IAEHPADH@Z 1000e650 f   Editor.obj
 0001:0000d6d0       ?ReplaceTarget@Editor@@IAEH_NPBDH@Z 1000e6d0 f   Editor.obj
 0001:0000d7f0       ?IsUnicodeMode@Editor@@QBE_NXZ 1000e7f0 f   Editor.obj
 0001:0000d810       ?CodePage@Editor@@IBEHXZ   1000e810 f   Editor.obj
 0001:0000d850       ?StyleGetMessage@Editor@@IAEJIKJ@Z 1000e850 f   Editor.obj
 0001:0000da00       ?StringResult@Editor@@KAJJPBD@Z 1000ea00 f   Editor.obj
 0001:0000da30       ?InvalidateStyleRedraw@Editor@@IAEXXZ 1000ea30 f   Editor.obj
 0001:0000da90       ?RedrawSelMargin@Editor@@IAEXH_N@Z 1000ea90 f   Editor.obj
 0001:0000db40       ?MovePositionOutsideChar@Editor@@IBEHHH_N@Z 1000eb40 f   Editor.obj
 0001:0000db70       ?ScrollTo@Editor@@IAEXH_N@Z 1000eb70 f   Editor.obj
 0001:0000dca0       ?ShowCaretAtCurrentPosition@Editor@@IAEXXZ 1000eca0 f   Editor.obj
 0001:0000dcf0       ?DropCaret@Editor@@IAEXXZ  1000ecf0 f   Editor.obj
 0001:0000dd00       ?LayoutLine@Editor@@IAEXHPAVSurface@@AAVViewStyle@@PAVLineLayout@@H@Z 1000ed00 f   Editor.obj
 0001:0000e770       ?DrawWrapMarker@Editor@@IAEXPAVSurface@@VPRectangle@@_NVColourAllocated@@@Z 1000f770 f   Editor.obj
 0001:0000e8b0       ?DrawEOL@Editor@@IAEXPAVSurface@@AAVViewStyle@@VPRectangle@@PAVLineLayout@@HHHHH_NVColourAllocated@@45@Z 1000f8b0 f   Editor.obj
 0001:0000f1e0       ?DrawLine@Editor@@IAEXPAVSurface@@AAVViewStyle@@HHHVPRectangle@@PAVLineLayout@@H@Z 100101e0 f   Editor.obj
 0001:00010b10       ?DrawBlockCaret@Editor@@IAEXPAVSurface@@AAVViewStyle@@PAVLineLayout@@HHHHVPRectangle@@VColourAllocated@@@Z 10011b10 f   Editor.obj
 0001:00010cc0       ?RefreshPixMaps@Editor@@IAEXPAVSurface@@@Z 10011cc0 f   Editor.obj
 0001:00010f70       ?DrawCarets@Editor@@IAEXPAVSurface@@AAVViewStyle@@HHVPRectangle@@PAVLineLayout@@H@Z 10011f70 f   Editor.obj
 0001:00011270       ?InvertedLight@@YA?AVColourDesired@@V1@@Z 10012270 f   Editor.obj
 0001:00011330       ?FormatRange@Editor@@IAEJ_NPAUSci_RangeToFormat@@@Z 10012330 f   Editor.obj
 0001:00011b40       ?ClearAll@Editor@@IAEXXZ   10012b40 f   Editor.obj
 0001:00011c90       ?DelChar@Editor@@IAEXXZ    10012c90 f   Editor.obj
 0001:00011d10       ?CheckModificationForWrap@Editor@@IAEXVDocModification@@@Z 10012d10 f   Editor.obj
 0001:00011da0       ?FindText@Editor@@IAEJKJ@Z 10012da0 f   Editor.obj
 0001:00011e80       ?SearchInTarget@Editor@@IAEJPBDH@Z 10012e80 f   Editor.obj
 0001:00011f60       ?PositionInSelection@Editor@@IAE_NH@Z 10012f60 f   Editor.obj
 0001:00011fe0       ?SetFocusState@Editor@@IAEX_N@Z 10012fe0 f   Editor.obj
 0001:00012040       ?WrapCount@Editor@@IAEHH@Z 10013040 f   Editor.obj
 0001:00012130       ?StyleSetMessage@Editor@@IAEXIKJ@Z 10013130 f   Editor.obj
 0001:00012340       ??0Editor@@IAE@XZ          10013340 f   Editor.obj
 0001:00012730       ??1Editor@@MAE@XZ          10013730 f   Editor.obj
 0001:000128e0       ?SPositionFromLocation@Editor@@IAE?AVSelectionPosition@@VPoint@@_N11@Z 100138e0 f   Editor.obj
 0001:00012cf0       ?PositionFromLocation@Editor@@IAEHVPoint@@_N1@Z 10013cf0 f   Editor.obj
 0001:00012d20       ?SPositionFromLineX@Editor@@IAE?AVSelectionPosition@@HH@Z 10013d20 f   Editor.obj
 0001:00012f40       ?SetRectangularRange@Editor@@IAEXXZ 10013f40 f   Editor.obj
 0001:000130a0       ?ThinRectangularRange@Editor@@IAEXXZ 100140a0 f   Editor.obj
 0001:00013160       ?SetSelection@Editor@@IAEXVSelectionPosition@@0@Z 10014160 f   Editor.obj
 0001:00013240       ?SetSelection@Editor@@IAEXHH@Z 10014240 f   Editor.obj
 0001:00013260       ?SetSelection@Editor@@IAEXVSelectionPosition@@@Z 10014260 f   Editor.obj
 0001:00013370       ?SetSelection@Editor@@IAEXH@Z 10014370 f   Editor.obj
 0001:00013390       ?SetEmptySelection@Editor@@IAEXVSelectionPosition@@@Z 10014390 f   Editor.obj
 0001:00013460       ?SetEmptySelection@Editor@@IAEXH@Z 10014460 f   Editor.obj
 0001:00013480       ?DisplayFromPosition@Editor@@IAEHH@Z 10014480 f   Editor.obj
 0001:00013580       ?WrapOneLine@Editor@@IAE_NPAVSurface@@H@Z 10014580 f   Editor.obj
 0001:00013650       ?LinesSplit@Editor@@IAEXH@Z 10014650 f   Editor.obj
 0001:00013870       ?ClearSelection@Editor@@IAEXXZ 10014870 f   Editor.obj
 0001:00013a40       ?Cut@Editor@@IAEXXZ        10014a40 f   Editor.obj
 0001:00013a80       ?SelectAll@Editor@@IAEXXZ  10014a80 f   Editor.obj
 0001:00013af0       ?DelCharBack@Editor@@IAEX_N@Z 10014af0 f   Editor.obj
 0001:00013e30       ?NotifyDoubleClick@Editor@@MAEXVPoint@@_N11@Z 10014e30 f   Editor.obj
 0001:00013ee0       ?NotifyDwelling@Editor@@IAEXVPoint@@_N@Z 10014ee0 f   Editor.obj
 0001:00013f60       ?Duplicate@Editor@@IAEX_N@Z 10014f60 f   Editor.obj
 0001:00014290       ?SearchText@Editor@@IAEJIKJ@Z 10015290 f   Editor.obj
 0001:000143d0       ?CopyRangeToClipboard@Editor@@IAEXHH@Z 100153d0 f   Editor.obj
 0001:000144c0       ?CopyText@Editor@@IAEXHPBD@Z 100154c0 f   Editor.obj
 0001:00014590       ?PointInSelection@Editor@@IAE_NVPoint@@@Z 10015590 f   Editor.obj
 0001:000146b0       ?LineSelection@Editor@@IAEXHH@Z 100156b0 f   Editor.obj
 0001:00014730       ?DwellEnd@Editor@@IAEX_N@Z 10015730 f   Editor.obj
 0001:00014790       ?PointIsHotspot@Editor@@IAE_NVPoint@@@Z 10015790 f   Editor.obj
 0001:00014800       ?SetHotSpotRange@Editor@@IAEXPAVPoint@@@Z 10015800 f   Editor.obj
 0001:00014960       ?AddStyledText@Editor@@IAEXPADH@Z 10015960 f   Editor.obj
 0001:00014a10       ?SetScrollBars@Editor@@IAEXXZ 10015a10 f   Editor.obj
 0001:00014bf0       ?ChangeSize@Editor@@IAEXXZ 10015bf0 f   Editor.obj
 0001:00014cc0       ?NotifyModified@Editor@@MAEXPAVDocument@@VDocModification@@PAX@Z 10015cc0 f   Editor.obj
 0001:00015180       ?KeyDown@Editor@@IAEHH_N00PA_N@Z 10016180 f   Editor.obj
 0001:00015240       ?MouseLeave@Editor@@IAEXXZ 10016240 f   Editor.obj
 0001:000152b0       ?ButtonDown@Editor@@MAEXVPoint@@I_N11@Z 100162b0 f   Editor.obj
 0001:00015940       ?SetDocPointer@Editor@@IAEXPAVDocument@@@Z 10016940 f   Editor.obj
 0001:00015aa0       ?RefreshStyleData@Editor@@IAEXXZ 10016aa0 f   Editor.obj
 0001:00015bc0       ?LocationFromPosition@Editor@@IAE?AVPoint@@VSelectionPosition@@@Z 10016bc0 f   Editor.obj
 0001:00015de0       ?LocationFromPosition@Editor@@IAE?AVPoint@@H@Z 10016de0 f   Editor.obj
 0001:00015e00       ?XFromPosition@Editor@@IAEHH@Z 10016e00 f   Editor.obj
 0001:00015e40       ?PositionFromLineX@Editor@@IAEHHH@Z 10016e40 f   Editor.obj
 0001:00015fd0       ?PointMainCaret@Editor@@IAE?AVPoint@@XZ 10016fd0 f   Editor.obj
 0001:00016010       ?SetLastXChosen@Editor@@IAEXXZ 10017010 f   Editor.obj
 0001:00016060       ?XYScrollToMakeVisible@Editor@@IAE?AUXYScrollPosition@1@_N00@Z 10017060 f   Editor.obj
 0001:00016500       ?SetXYScroll@Editor@@IAEXUXYScrollPosition@1@@Z 10017500 f   Editor.obj
 0001:00016600       ?EnsureCaretVisible@Editor@@IAEX_N00@Z 10017600 f   Editor.obj
 0001:00016640       ?WrapLines@Editor@@IAE_N_NH@Z 10017640 f   Editor.obj
 0001:00016970       ?Paint@Editor@@IAEXPAVSurface@@VPRectangle@@@Z 10017970 f   Editor.obj
 0001:000171d0       ?TextWidth@Editor@@IAEHHPBD@Z 100181d0 f   Editor.obj
 0001:00017290       ?Undo@Editor@@IAEXXZ       10018290 f   Editor.obj
 0001:000172f0       ?Redo@Editor@@IAEXXZ       100182f0 f   Editor.obj
 0001:00017350       ?NewLine@Editor@@IAEXXZ    10018350 f   Editor.obj
 0001:00017530       ?StartEndDisplayLine@Editor@@IAEHH_N@Z 10018530 f   Editor.obj
 0001:000176d0       ?GoToLine@Editor@@IAEXH@Z  100186d0 f   Editor.obj
 0001:00017770       ?ButtonUp@Editor@@IAEXVPoint@@I_N@Z 10018770 f   Editor.obj
 0001:00017be0       ?Idle@Editor@@IAE_NXZ      10018be0 f   Editor.obj
 0001:00017c20       ?EnsureLineVisible@Editor@@IAEXH_N@Z 10018c20 f   Editor.obj
 0001:00017ef0       ?MovePositionTo@Editor@@IAEHVSelectionPosition@@W4selTypes@Selection@@_N@Z 10018ef0 f   Editor.obj
 0001:00018150       ?MovePositionTo@Editor@@IAEHHW4selTypes@Selection@@_N@Z 10019150 f   Editor.obj
 0001:00018170       ?MoveCaretInsideView@Editor@@IAEX_N@Z 10019170 f   Editor.obj
 0001:00018260       ?PageMove@Editor@@IAEXHW4selTypes@Selection@@_N@Z 10019260 f   Editor.obj
 0001:000184f0       ?LineTranspose@Editor@@IAEXXZ 100194f0 f   Editor.obj
 0001:00018650       ?CursorUpOrDown@Editor@@IAEXHW4selTypes@Selection@@@Z 10019650 f   Editor.obj
 0001:00018840       ?ParaUpOrDown@Editor@@IAEXHW4selTypes@Selection@@@Z 10019840 f   Editor.obj
 0001:00018930       ?ToggleContraction@Editor@@IAEXH@Z 10019930 f   Editor.obj
 0001:00018ab0       ?InsertSpace@Editor@@IAEHHI@Z 10019ab0 f   Editor.obj
 0001:00018b60       ?AddCharUTF@Editor@@MAEXPADI_N@Z 10019b60 f   Editor.obj
 0001:00019120       ?InsertPaste@Editor@@IAEXVSelectionPosition@@PBDH@Z 1001a120 f   Editor.obj
 0001:00019320       ?PasteRectangular@Editor@@IAEXVSelectionPosition@@PBDH@Z 1001a320 f   Editor.obj
 0001:00019630       ?Clear@Editor@@IAEXXZ      1001a630 f   Editor.obj
 0001:000198b0       ?ChangeCaseOfSelection@Editor@@IAEXH@Z 1001a8b0 f   Editor.obj
 0001:00019c40       ?KeyCommand@Editor@@MAEHI@Z 1001ac40 f   Editor.obj
 0001:0001afd0       ?DropAt@Editor@@IAEXVSelectionPosition@@PBD_N2@Z 1001bfd0 f   Editor.obj
 0001:0001b380       ?CaseMapString@Editor@@MAE?AV?$basic_string@DU?$char_traits@D@std@@V?$allocator@D@2@@std@@ABV23@H@Z 1001c380 f   Editor.obj
 0001:0001b470       ?CopySelectionRange@Editor@@IAEXPAVSelectionText@@_N@Z 1001c470 f   Editor.obj
 0001:0001b7e0       ?ButtonMove@Editor@@IAEXVPoint@@@Z 1001c7e0 f   Editor.obj
 0001:0001bce0       ?Tick@Editor@@IAEXXZ       1001cce0 f   Editor.obj
 0001:0001bdd0       ?WndProc@Editor@@UAEJIKJ@Z 1001cdd0 f   Editor.obj
 0001:00020a20       ?CopyAllowLine@Editor@@MAEXXZ 10021a20 f   Editor.obj
 0001:00020aa0       ??1?$auto_ptr@VCaseFolder@@@std@@QAE@XZ 10021aa0 f i Editor.obj
 0001:00020aa0       ??1AutoSurface@@QAE@XZ     10021aa0 f i Editor.obj
 0001:00020ab0       ??1AutoLineLayout@@QAE@XZ  10021ab0 f i Editor.obj
 0001:00020ad0       ?Fold@CaseFolderASCII@@UAEIPADIPBDI@Z 10021ad0 f i Editor.obj
 0001:00020b10       ??_GCaseFolderASCII@@UAEPAXI@Z 10021b10 f i Editor.obj
 0001:00020b10       ??_ECaseFolderASCII@@UAEPAXI@Z 10021b10 f i Editor.obj
 0001:00020b40       ?_Chassign@?$basic_string@DU?$char_traits@D@std@@V?$allocator@D@2@@std@@QAEXIID@Z 10021b40 f i Editor.obj
 0001:00020b80       ??$_Push_heap@PAUSelectionRange@@HU1@@std@@YAXPAUSelectionRange@@HH$$QAU1@@Z 10021b80 f i Editor.obj
 0001:00020c30       ?Free@SelectionText@@QAEXXZ 10021c30 f i Editor.obj
 0001:00020c30       ??1SelectionText@@QAE@XZ   10021c30 f i Editor.obj
 0001:00020c60       ??0AutoSurface@@QAE@PAVEditor@@@Z 10021c60 f i Editor.obj
 0001:00020cf0       ??0AutoSurface@@QAE@PAXPAVEditor@@@Z 10021cf0 f i Editor.obj
 0001:00020d80       ?c_str@?$basic_string@DU?$char_traits@D@std@@V?$allocator@D@2@@std@@QBEPBDXZ 10021d80 f i Editor.obj
 0001:00020d90       ?compare@?$basic_string@DU?$char_traits@D@std@@V?$allocator@D@2@@std@@QBEHIIPBDI@Z 10021d90 f i Editor.obj
 0001:00020e00       ?erase@?$basic_string@DU?$char_traits@D@std@@V?$allocator@D@2@@std@@QAEAAV12@II@Z 10021e00 f i Editor.obj
 0001:00020e90       ?allocate@?$allocator@USelectionRange@@@std@@QAEPAUSelectionRange@@I@Z 10021e90 f i Editor.obj
 0001:00020ef0       ??$_Adjust_heap@PAUSelectionRange@@HU1@@std@@YAXPAUSelectionRange@@HH$$QAU1@@Z 10021ef0 f i Editor.obj
 0001:00020fd0       ?GetCtrlID@Editor@@MAEHXZ  10021fd0 f i Editor.obj
 0001:00020fe0       ?SetIdle@Editor@@MAE_N_N@Z 10021fe0 f i Editor.obj
 0001:00020ff0       ?ValidCodePage@Editor@@MBE_NH@Z 10021ff0 f i Editor.obj
 0001:00021000       ??1?$basic_string@DU?$char_traits@D@std@@V?$allocator@D@2@@std@@QAE@XZ 10022000 f i Editor.obj
 0001:00021030       ?_Buy@?$vector@USelectionRange@@V?$allocator@USelectionRange@@@std@@@std@@IAE_NI@Z 10022030 f i Editor.obj
 0001:00021080       ?_Copy@?$basic_string@DU?$char_traits@D@std@@V?$allocator@D@2@@std@@QAEXII@Z 10022080 f i Editor.obj
 0001:000211f0       ??$_Make_heap@PAUSelectionRange@@HU1@@std@@YAXPAUSelectionRange@@0PAH0@Z 100221f0 f i Editor.obj
 0001:00021330       ??$_Med3@PAUSelectionRange@@@std@@YAXPAUSelectionRange@@00@Z 10022330 f i Editor.obj
 0001:00021470       ??_GEditor@@MAEPAXI@Z      10022470 f i Editor.obj
 0001:00021470       ??_EEditor@@MAEPAXI@Z      10022470 f i Editor.obj
 0001:000214a0       ??$_Uninit_copy@V?$_Vector_const_iterator@V?$_Vector_val@USelectionRange@@V?$allocator@USelectionRange@@@std@@@std@@@std@@PAUSelectionRange@@V?$allocator@USelectionRange@@@2@@std@@YAPAUSelectionRange@@V?$_Vector_const_iterator@V?$_Vector_val@USelectionRange@@V?$allocator@USelectionRange@@@std@@@std@@@0@0PAU1@AAV?$allocator@USelectionRange@@@0@U_Nonscalar_ptr_iterator_tag@0@@Z 100224a0 f i Editor.obj
 0001:000214e0       ??$_Median@PAUSelectionRange@@@std@@YAXPAUSelectionRange@@00@Z 100224e0 f i Editor.obj
 0001:00021570       ??$_Insertion_sort1@PAUSelectionRange@@U1@@std@@YAXPAUSelectionRange@@00@Z 10022570 f i Editor.obj
 0001:000216a0       ?assign@?$basic_string@DU?$char_traits@D@std@@V?$allocator@D@2@@std@@QAEAAV12@ABV12@II@Z 100226a0 f i Editor.obj
 0001:00021790       ?assign@?$basic_string@DU?$char_traits@D@std@@V?$allocator@D@2@@std@@QAEAAV12@PBDI@Z 10022790 f i Editor.obj
 0001:00021890       ?assign@?$basic_string@DU?$char_traits@D@std@@V?$allocator@D@2@@std@@QAEAAV12@ID@Z 10022890 f i Editor.obj
 0001:00021950       ??$_Unguarded_partition@PAUSelectionRange@@@std@@YA?AU?$pair@PAUSelectionRange@@PAU1@@0@PAUSelectionRange@@0@Z 10022950 f i Editor.obj
 0001:00021d90       ??$_Sort_heap@PAUSelectionRange@@@std@@YAXPAUSelectionRange@@0@Z 10022d90 f i Editor.obj
 0001:00021e10       ?assign@?$basic_string@DU?$char_traits@D@std@@V?$allocator@D@2@@std@@QAEAAV12@$$QAV12@@Z 10022e10 f i Editor.obj
 0001:00021e90       ??1?$vector@DV?$allocator@D@std@@@std@@QAE@XZ 10022e90 f i Document.obj
 0001:00021e90       ?_Tidy@?$vector@USelectionRange@@V?$allocator@USelectionRange@@@std@@@std@@IAEXXZ 10022e90 f i Editor.obj
 0001:00021e90       ??1?$vector@_WV?$allocator@_W@std@@@std@@QAE@XZ 10022e90 f i ScintillaWin.obj
 0001:00021e90       ??1?$vector@USelectionRange@@V?$allocator@USelectionRange@@@std@@@std@@QAE@XZ 10022e90 f i Editor.obj
 0001:00021ec0       ??$_Sort@PAUSelectionRange@@H@std@@YAXPAUSelectionRange@@0H@Z 10022ec0 f i Editor.obj
 0001:00021f90       ??0?$vector@USelectionRange@@V?$allocator@USelectionRange@@@std@@@std@@QAE@ABV01@@Z 10022f90 f i Editor.obj
 0001:00022060       ?RangesCopy@Selection@@QBE?AV?$vector@USelectionRange@@V?$allocator@USelectionRange@@@std@@@std@@XZ 10023060 f i Editor.obj
 0001:00022080       ?DeleteWLStrings@@YAXQAPAD@Z 10023080 f   ExternalLexer.obj
 0001:000220b0       ?SetExternal@ExternalLexerModule@@UAEXP6GXIIHHQAPADPAXPAD@Z3H@Z 100230b0 f   ExternalLexer.obj
 0001:000220d0       ?Release@LexerLibrary@@QAEXXZ 100230d0 f   ExternalLexer.obj
 0001:00022110       ??0LexerManager@@AAE@XZ    10023110 f   ExternalLexer.obj
 0001:00022120       ?GetInstance@LexerManager@@SAPAV1@XZ 10023120 f   ExternalLexer.obj
 0001:00022160       ??1LexerLibrary@@QAE@XZ    10023160 f   ExternalLexer.obj
 0001:000221e0       ?Clear@LexerManager@@QAEXXZ 100231e0 f   ExternalLexer.obj
 0001:000222c0       ??1LexerManager@@QAE@XZ    100232c0 f   ExternalLexer.obj
 0001:000222d0       ?WordListsToStrings@@YAPAPADQAPAVWordList@@@Z 100232d0 f   ExternalLexer.obj
 0001:00022450       ?Lex@ExternalLexerModule@@UBEXIHHQAPAVWordList@@AAVAccessor@@@Z 10023450 f   ExternalLexer.obj
 0001:000224e0       ?Fold@ExternalLexerModule@@UBEXIHHQAPAVWordList@@AAVAccessor@@@Z 100234e0 f   ExternalLexer.obj
 0001:00022570       ??0LexerLibrary@@QAE@PBD@Z 10023570 f   ExternalLexer.obj
 0001:00022740       ?DeleteInstance@LexerManager@@SAXXZ 10023740 f   ExternalLexer.obj
 0001:00022770       ?LoadLexerLibrary@LexerManager@@AAEXPBD@Z 10023770 f   ExternalLexer.obj
 0001:00022830       ??1LMMinder@@QAE@XZ        10023830 f   ExternalLexer.obj
 0001:00022860       ?Load@LexerManager@@QAEXPBD@Z 10023860 f   ExternalLexer.obj
 0001:00022870       ??_GExternalLexerModule@@UAEPAXI@Z 10023870 f i ExternalLexer.obj
 0001:00022870       ??_EExternalLexerModule@@UAEPAXI@Z 10023870 f i ExternalLexer.obj
 0001:00022870       ??_GLexerModule@@UAEPAXI@Z 10023870 f i ExternalLexer.obj
 0001:00022870       ??_ELexerModule@@UAEPAXI@Z 10023870 f i ExternalLexer.obj
 0001:000228a0       ?append@?$basic_string@DU?$char_traits@D@std@@V?$allocator@D@2@@std@@QAEAAV12@ABV12@II@Z 100238a0 f i ExternalLexer.obj
 0001:00022990       ?append@?$basic_string@DU?$char_traits@D@std@@V?$allocator@D@2@@std@@QAEAAV12@PBDI@Z 10023990 f i ExternalLexer.obj
 0001:00022ab0       ?Draw@Indicator@@QAEXPAVSurface@@ABVPRectangle@@1@Z 10023ab0 f   Indicator.obj
 0001:00022d90       ?Clear@KeyMap@@QAEXXZ      10023d90 f   KeyMap.obj
 0001:00022db0       ?AssignCmdKey@KeyMap@@QAEXHHI@Z 10023db0 f   KeyMap.obj
 0001:00022ea0       ?Find@KeyMap@@QAEIHH@Z     10023ea0 f   KeyMap.obj
 0001:00022ef0       ??0KeyMap@@QAE@XZ          10023ef0 f   KeyMap.obj
 0001:00023020       ??1KeyMap@@QAE@XZ          10024020 f   KeyMap.obj
 0001:00023190       ?Clear@WordList@@QAEXXZ    10024190 f   KeyWords.obj
 0001:000231d0       ?Set@WordList@@QAEXPBD@Z   100241d0 f   KeyWords.obj
 0001:00023230       _cmpString                 10024230 f   KeyWords.obj
 0001:00023290       ?InList@WordList@@QAE_NPBD@Z 10024290 f   KeyWords.obj
 0001:000233b0       ?InListAbbreviated@WordList@@QAE_NPBDD@Z 100243b0 f   KeyWords.obj
 0001:00023500       ??0LexerModule@@QAE@HP6AXIHHQAPAVWordList@@AAVAccessor@@@ZPBD2QBQBDH@Z 10024500 f   KeyWords.obj
 0001:00023560       ?GetNumWordLists@LexerModule@@QBEHXZ 10024560 f   KeyWords.obj
 0001:00023580       ?GetWordListDescription@LexerModule@@QBEPBDH@Z 10024580 f   KeyWords.obj
 0001:000235c0       ?GetStyleBitsNeeded@LexerModule@@QBEHXZ 100245c0 f   KeyWords.obj
 0001:000235d0       ?Find@LexerModule@@SAPBV1@H@Z 100245d0 f   KeyWords.obj
 0001:000235f0       ?Find@LexerModule@@SAPBV1@PBD@Z 100245f0 f   KeyWords.obj
 0001:00023650       ?Lex@LexerModule@@UBEXIHHQAPAVWordList@@AAVAccessor@@@Z 10024650 f   KeyWords.obj
 0001:00023680       ?Fold@LexerModule@@UBEXIHHQAPAVWordList@@AAVAccessor@@@Z 10024680 f   KeyWords.obj
 0001:000236f0       _Scintilla_LinkLexers      100246f0 f   KeyWords.obj
 0001:00023940       ?wxForceScintillaLexers@@YAHXZ 10024940 f   KeyWords.obj
 0001:00024760       ?GetNextChar@StyleContext@@AAEXI@Z 10025760 f i LexAbaqus.obj
 0001:00024850       ??0StyleContext@@QAE@IIHAAVAccessor@@D@Z 10025850 f i LexAbaqus.obj
 0001:00024970       ?Complete@StyleContext@@QAEXXZ 10025970 f i LexAbaqus.obj
 0001:00024990       ?Forward@StyleContext@@QAEXXZ 10025990 f i LexAbaqus.obj
 0001:000249f0       ?SetState@StyleContext@@QAEXH@Z 100259f0 f i LexAbaqus.obj
 0001:00024a20       ?IsADigit@@YA_NI@Z         10025a20 f i LexAbaqus.obj
 0001:00025e50       ?ForwardSetState@StyleContext@@QAEXH@Z 10026e50 f i LexAda.obj
 0001:00025ed0       ?Match@StyleContext@@QBE_NDD@Z 10026ed0 f i LexAda.obj
 0001:00025f00       ?find@?$basic_string@DU?$char_traits@D@std@@V?$allocator@D@2@@std@@QBEIPBDII@Z 10026f00 f i LexAda.obj
 0001:00025fb0       ?append@?$basic_string@DU?$char_traits@D@std@@V?$allocator@D@2@@std@@QAEAAV12@ID@Z 10026fb0 f i LexAda.obj
 0001:000280e0       ?isoperator@@YA_ND@Z       100290e0 f i LexASY.obj
 0001:00028180       ??1CharacterSet@@QAE@XZ    10029180 f i LexASY.obj
 0001:000281a0       ?Contains@CharacterSet@@QBE_NH@Z 100291a0 f i LexASY.obj
 0001:000281d0       ??0CharacterSet@@QAE@W4setBase@0@PBDH_N@Z 100291d0 f i LexASY.obj
 0001:0002a250       ?isspacechar@@YA_NE@Z      1002b250 f i LexAU3.obj
 0001:0002abc0       ?iswordchar@@YA_ND@Z       1002bbc0 f i LexAVE.obj
 0001:0002ac00       ?isAveOperator@@YA_ND@Z    1002bc00 f i LexAVE.obj
 0001:0002b490       ?MatchIgnoreCase@StyleContext@@QAE_NPBD@Z 1002c490 f i LexBaan.obj
 0001:0002cb60       ?GetRelative@StyleContext@@QAEHH@Z 1002db60 f i LexBash.obj
 0001:0002cbc0       ?IsADigit@@YA_NII@Z        1002dbc0 f i LexBash.obj
 0001:0002e400       ?ColouriseCamlDoc@@YAXIHHQAPAVWordList@@AAVAccessor@@@Z 1002f400 f   LexCaml.obj
 0001:0002ec00       ?FoldCamlDoc@@YAXIHHQAPAVWordList@@AAVAccessor@@@Z 1002fc00 f   LexCaml.obj
 0001:0002ec10       ?issmlf@@YAHH@Z            1002fc10 f i LexSML.obj
 0001:0002ec10       ?iscamlf@@YAHH@Z           1002fc10 f i LexCaml.obj
 0001:000301d0       ??1WordList@@QAE@XZ        100311d0 f i LexCLW.obj
 0001:000301e0       ?IsAHexCharacter@@YA_NH_N@Z 100311e0 f i LexCLW.obj
 0001:00030220       ?IsANumericBaseCharacter@@YA_NH_N@Z 10031220 f i LexCLW.obj
 0001:00030260       ?SetNumericConstantState@@YA_NAAVStyleContext@@@Z 10031260 f i LexCLW.obj
 0001:000302e0       ?GetNextWordUpper@@YA_NAAVAccessor@@IHPAD@Z 100312e0 f i LexCLW.obj
 0001:00033840       ?Match@StyleContext@@QAE_NPBD@Z 10034840 f i LexCPP.obj
 0001:000338f0       ?IsASpaceOrTab@@YA_NI@Z    100348f0 f i LexCPP.obj
 0001:000356a0       ?IsCssOperator@@YA_NH@Z    100366a0 f i LexCSS.obj
 0001:00039ec0       ?Forward@StyleContext@@QAEXH@Z 1003aec0 f i LexFlagship.obj
 0001:0003a740       ?GetContinuedPos@@YAIIAAVAccessor@@@Z 1003b740 f   LexFortran.obj
 0001:00043760       ?IsOperator@@YA_NH@Z       10044760 f i LexHTML.obj
 0001:0004a720       ?isMMIXALOperator@@YA_ND@Z 1004b720 f i LexMMIXAL.obj
 0001:0004c2a0       ?MatchIgnoreCase@@YA_NAAVAccessor@@HPBD@Z 1004d2a0 f   LexMySQL.obj
 0001:0004ef70       ?HandleString@@YA_NAAIIAAVAccessor@@@Z 1004ff70 f i LexOpal.obj
 0001:0004f060       ?HandleCommentBlock@@YA_NAAIIAAVAccessor@@_N@Z 10050060 f i LexOpal.obj
 0001:0004f1a0       ?HandleCommentLine@@YA_NAAIIAAVAccessor@@_N@Z 100501a0 f i LexOpal.obj
 0001:0004f320       ?HandleSpace@@YA_NAAIIAAVAccessor@@@Z 10050320 f i LexOpal.obj
 0001:0004f3f0       ?HandleInteger@@YA_NAAIIAAVAccessor@@@Z 100503f0 f i LexOpal.obj
 0001:0004f4a0       ?HandleWord@@YA_NAAIIAAVAccessor@@QAPAVWordList@@@Z 100504a0 f i LexOpal.obj
 0001:00053e10       ?MatchUpperCase@@YA_NAAVAccessor@@HPBD@Z 10054e10 f   LexPB.obj
 0001:00062770       ?Open@QuoteCls@@QAEXD@Z    10063770 f i LexRuby.obj
 0001:00064220       ?ColouriseSMLDoc@@YAXIHHQAPAVWordList@@AAVAccessor@@@Z 10065220 f   LexSML.obj
 0001:000648a0       ?FoldSMLDoc@@YAXIHHQAPAVWordList@@AAVAccessor@@@Z 100658a0 f   LexSML.obj
 0001:000648b0       ?issmld@@YAHH@Z            100658b0 f i LexSML.obj
 0001:000670f0       ?isTACLoperator@@YA_ND@Z   100680f0 f i LexTACL.obj
 0001:00069e40       ?isTALoperator@@YA_ND@Z    1006ae40 f i LexTAL.obj
 0001:00070dd0       ?RefreshColourPalette@LineMarker@@QAEXAAVPalette@@_N@Z 10071dd0 f   LineMarker.obj
 0001:00070e10       ?SetXPM@LineMarker@@QAEXPBD@Z 10071e10 f   LineMarker.obj
 0001:00070ea0       ?SetXPM@LineMarker@@QAEXPBQBD@Z 10071ea0 f   LineMarker.obj
 0001:00071080       ?Draw@LineMarker@@QAEXPAVSurface@@AAVPRectangle@@AAVFont@@@Z 10072080 f   LineMarker.obj
 0001:00071be0       ??0MarkerHandleSet@@QAE@XZ 10072be0 f   PerLine.obj
 0001:00071bf0       ??1MarkerHandleSet@@QAE@XZ 10072bf0 f   PerLine.obj
 0001:00071c20       ?Length@MarkerHandleSet@@QBEHXZ 10072c20 f   PerLine.obj
 0001:00071c40       ?NumberFromHandle@MarkerHandleSet@@QBEHH@Z 10072c40 f   PerLine.obj
 0001:00071c70       ?MarkValue@MarkerHandleSet@@QBEHXZ 10072c70 f   PerLine.obj
 0001:00071ca0       ?Contains@MarkerHandleSet@@QBE_NH@Z 10072ca0 f   PerLine.obj
 0001:00071cd0       ?InsertHandle@MarkerHandleSet@@QAE_NHH@Z 10072cd0 f   PerLine.obj
 0001:00071d10       ?RemoveHandle@MarkerHandleSet@@QAEXH@Z 10072d10 f   PerLine.obj
 0001:00071d50       ?RemoveNumber@MarkerHandleSet@@QAE_NH@Z 10072d50 f   PerLine.obj
 0001:00071d90       ?CombineWith@MarkerHandleSet@@QAEXPAV1@@Z 10072d90 f   PerLine.obj
 0001:00071e30       ?LineFromHandle@LineMarkers@@QAEHH@Z 10072e30 f   PerLine.obj
 0001:00071ea0       ?MergeMarkers@LineMarkers@@QAEXH@Z 10072ea0 f   PerLine.obj
 0001:00071fe0       ?MarkValue@LineMarkers@@QAEHH@Z 10072fe0 f   PerLine.obj
 0001:00072050       ?DeleteMark@LineMarkers@@QAEXHH_N@Z 10073050 f   PerLine.obj
 0001:00072180       ?DeleteMarkFromHandle@LineMarkers@@QAEXH@Z 10073180 f   PerLine.obj
 0001:00072290       ??1LineLevels@@UAE@XZ      10073290 f   PerLine.obj
 0001:000722f0       ?GetLevel@LineLevels@@QAEHH@Z 100732f0 f   PerLine.obj
 0001:00072330       ??1LineState@@UAE@XZ       10073330 f   PerLine.obj
 0001:00072390       ?GetMaxLineState@LineState@@QAEHXZ 10073390 f   PerLine.obj
 0001:000723a0       ?AnySet@LineAnnotation@@QBE_NXZ 100733a0 f   PerLine.obj
 0001:000723b0       ?MultipleStyles@LineAnnotation@@QBE_NH@Z 100733b0 f   PerLine.obj
 0001:00072420       ?Style@LineAnnotation@@QAEHH@Z 10073420 f   PerLine.obj
 0001:00072480       ?Text@LineAnnotation@@QBEPBDH@Z 10073480 f   PerLine.obj
 0001:000724e0       ?Length@LineAnnotation@@QBEHH@Z 100734e0 f   PerLine.obj
 0001:00072540       ?Lines@LineAnnotation@@QBEHH@Z 10073540 f   PerLine.obj
 0001:000725a0       ?Init@LineMarkers@@UAEXXZ  100735a0 f   PerLine.obj
 0001:00072650       ?RemoveLine@LineMarkers@@UAEXH@Z 10073650 f   PerLine.obj
 0001:00072680       ?Init@LineLevels@@UAEXXZ   10073680 f   PerLine.obj
 0001:000726b0       ?RemoveLine@LineLevels@@UAEXH@Z 100736b0 f   PerLine.obj
 0001:00072770       ?ClearLevels@LineLevels@@QAEXXZ 10073770 f   PerLine.obj
 0001:000727a0       ?Init@LineState@@UAEXXZ    100737a0 f   PerLine.obj
 0001:000727d0       ?RemoveLine@LineState@@UAEXH@Z 100737d0 f   PerLine.obj
 0001:000727f0       ?RemoveLine@LineAnnotation@@UAEXH@Z 100737f0 f   PerLine.obj
 0001:00072840       ?Styles@LineAnnotation@@QBEPBEH@Z 10073840 f   PerLine.obj
 0001:000728c0       ?ClearAll@LineAnnotation@@QAEXXZ 100738c0 f   PerLine.obj
 0001:00072940       ??1LineMarkers@@UAE@XZ     10073940 f   PerLine.obj
 0001:000729b0       ?InsertLine@LineMarkers@@UAEXH@Z 100739b0 f   PerLine.obj
 0001:00072a00       ?AddMark@LineMarkers@@QAEHHHH@Z 10073a00 f   PerLine.obj
 0001:00072b10       ?InsertLine@LineLevels@@UAEXH@Z 10073b10 f   PerLine.obj
 0001:00072b90       ?ExpandLevels@LineLevels@@QAEXH@Z 10073b90 f   PerLine.obj
 0001:00072bf0       ?SetLevel@LineLevels@@QAEHHHH@Z 10073bf0 f   PerLine.obj
 0001:00072c60       ?InsertLine@LineState@@UAEXH@Z 10073c60 f   PerLine.obj
 0001:00072cb0       ?SetLineState@LineState@@QAEHHH@Z 10073cb0 f   PerLine.obj
 0001:00072d10       ?GetLineState@LineState@@QAEHH@Z 10073d10 f   PerLine.obj
 0001:00072d50       ??1LineAnnotation@@UAE@XZ  10073d50 f   PerLine.obj
 0001:00072dc0       ?Init@LineAnnotation@@UAEXXZ 10073dc0 f   PerLine.obj
 0001:00072dd0       ?InsertLine@LineAnnotation@@UAEXH@Z 10073dd0 f   PerLine.obj
 0001:00072e20       ?SetText@LineAnnotation@@QAEXHPBD@Z 10073e20 f   PerLine.obj
 0001:00072ff0       ?SetStyle@LineAnnotation@@QAEXHH@Z 10073ff0 f   PerLine.obj
 0001:00073080       ?SetStyles@LineAnnotation@@QAEXHPBE@Z 10074080 f   PerLine.obj
 0001:00073200       ??A?$SplitVector@PAVMarkerHandleSet@@@@QBEAAPAVMarkerHandleSet@@H@Z 10074200 f i PerLine.obj
 0001:00073230       ?GapTo@?$SplitVector@PAD@@IAEXH@Z 10074230 f i PerLine.obj
 0001:00073230       ?GapTo@?$SplitVector@H@@IAEXH@Z 10074230 f i CellBuffer.obj
 0001:00073230       ?GapTo@?$SplitVector@PAVMarkerHandleSet@@@@IAEXH@Z 10074230 f i PerLine.obj
 0001:000732a0       ?Delete@?$SplitVector@PAD@@QAEXH@Z 100742a0 f i PerLine.obj
 0001:000732a0       ?Delete@?$SplitVector@H@@QAEXH@Z 100742a0 f i CellBuffer.obj
 0001:000732a0       ?Delete@?$SplitVector@PAVMarkerHandleSet@@@@QAEXH@Z 100742a0 f i PerLine.obj
 0001:00073310       ?EnsureLength@?$SplitVector@PAD@@QAEXH@Z 10074310 f i PerLine.obj
 0001:00073310       ?EnsureLength@?$SplitVector@H@@QAEXH@Z 10074310 f i PerLine.obj
 0001:00073370       ??_ESurface@@UAEPAXI@Z     10074370 f i PlatWin.obj
 0001:00073370       ??_GSurface@@UAEPAXI@Z     10074370 f i PlatWin.obj
 0001:000733a0       ??_GDynamicLibrary@@UAEPAXI@Z 100743a0 f i PlatWin.obj
 0001:000733a0       ??_EDynamicLibrary@@UAEPAXI@Z 100743a0 f i PlatWin.obj
 0001:000733f0       ?IsNT@@YA_NXZ              100743f0 f   PlatWin.obj
 0001:00073400       ?FromLong@Point@@SA?AV1@J@Z 10074400 f   PlatWin.obj
 0001:00073440       ?Allocate@Palette@@QAEXAAVWindow@@@Z 10074440 f   PlatWin.obj
 0001:000735e0       ?SameAs@FontCached@@AAE_NPBDHH_N1H@Z 100745e0 f   PlatWin.obj
 0001:00073690       ?Release@FontCached@@EAEXXZ 10074690 f   PlatWin.obj
 0001:000736b0       ?ReleaseId@FontCached@@SAXPAX@Z 100746b0 f   PlatWin.obj
 0001:00073720       ??0Font@@QAE@XZ            10074720 f   PlatWin.obj
 0001:00073730       ??1Font@@UAE@XZ            10074730 f   PlatWin.obj
 0001:00073740       ?Release@Font@@UAEXXZ      10074740 f   PlatWin.obj
 0001:00073760       ??0SurfaceImpl@@QAE@XZ     10074760 f   PlatWin.obj
 0001:000737d0       ?Release@SurfaceImpl@@UAEXXZ 100747d0 f   PlatWin.obj
 0001:00073880       ?Initialised@SurfaceImpl@@UAE_NXZ 10074880 f   PlatWin.obj
 0001:00073890       ?Init@SurfaceImpl@@UAEXPAX@Z 10074890 f   PlatWin.obj
 0001:000738c0       ?Init@SurfaceImpl@@UAEXPAX0@Z 100748c0 f   PlatWin.obj
 0001:000738f0       ?InitPixMap@SurfaceImpl@@UAEXHHPAVSurface@@PAX@Z 100748f0 f   PlatWin.obj
 0001:00073950       ?PenColour@SurfaceImpl@@UAEXVColourAllocated@@@Z 10074950 f   PlatWin.obj
 0001:000739b0       ?BrushColor@SurfaceImpl@@AAEXVColourAllocated@@@Z 100749b0 f   PlatWin.obj
 0001:00073a10       ?SetFont@SurfaceImpl@@AAEXAAVFont@@@Z 10074a10 f   PlatWin.obj
 0001:00073a60       ?LogPixelsY@SurfaceImpl@@UAEHXZ 10074a60 f   PlatWin.obj
 0001:00073a70       ?DeviceHeightFont@SurfaceImpl@@UAEHH@Z 10074a70 f   PlatWin.obj
 0001:00073a90       ?MoveTo@SurfaceImpl@@UAEXHH@Z 10074a90 f   PlatWin.obj
 0001:00073ab0       ?LineTo@SurfaceImpl@@UAEXHH@Z 10074ab0 f   PlatWin.obj
 0001:00073ad0       ?Polygon@SurfaceImpl@@UAEXPAVPoint@@HVColourAllocated@@1@Z 10074ad0 f   PlatWin.obj
 0001:00073b50       ?RectangleDraw@SurfaceImpl@@UAEXVPRectangle@@VColourAllocated@@1@Z 10074b50 f   PlatWin.obj
 0001:00073bd0       ?FillRectangle@SurfaceImpl@@UAEXVPRectangle@@VColourAllocated@@@Z 10074bd0 f   PlatWin.obj
 0001:00073c40       ?FillRectangle@SurfaceImpl@@UAEXVPRectangle@@AAVSurface@@@Z 10074c40 f   PlatWin.obj
 0001:00073cc0       ?RoundedRectangle@SurfaceImpl@@UAEXVPRectangle@@VColourAllocated@@1@Z 10074cc0 f   PlatWin.obj
 0001:00073dd0       ?Ellipse@SurfaceImpl@@UAEXVPRectangle@@VColourAllocated@@1@Z 10074dd0 f   PlatWin.obj
 0001:00073e50       ?Copy@SurfaceImpl@@UAEXVPRectangle@@VPoint@@AAVSurface@@@Z 10074e50 f   PlatWin.obj
 0001:00073e90       ?WidthChar@SurfaceImpl@@UAEHAAVFont@@D@Z 10074e90 f   PlatWin.obj
 0001:00073ef0       ?Ascent@SurfaceImpl@@UAEHAAVFont@@@Z 10074ef0 f   PlatWin.obj
 0001:00073f60       ?Descent@SurfaceImpl@@UAEHAAVFont@@@Z 10074f60 f   PlatWin.obj
 0001:00073fd0       ?InternalLeading@SurfaceImpl@@UAEHAAVFont@@@Z 10074fd0 f   PlatWin.obj
 0001:00074040       ?ExternalLeading@SurfaceImpl@@UAEHAAVFont@@@Z 10075040 f   PlatWin.obj
 0001:000740b0       ?Height@SurfaceImpl@@UAEHAAVFont@@@Z 100750b0 f   PlatWin.obj
 0001:00074120       ?AverageCharWidth@SurfaceImpl@@UAEHAAVFont@@@Z 10075120 f   PlatWin.obj
 0001:00074190       ?SetPalette@SurfaceImpl@@UAEHPAVPalette@@_N@Z 10075190 f   PlatWin.obj
 0001:000741e0       ?SetClip@SurfaceImpl@@UAEXVPRectangle@@@Z 100751e0 f   PlatWin.obj
 0001:00074210       ?FlushCachedState@SurfaceImpl@@UAEXXZ 10075210 f   PlatWin.obj
 0001:00074220       ?SetUnicodeMode@SurfaceImpl@@UAEX_N@Z 10075220 f   PlatWin.obj
 0001:00074230       ?SetDBCSMode@SurfaceImpl@@UAEXH@Z 10075230 f   PlatWin.obj
 0001:00074270       ?Allocate@Surface@@SAPAV1@XZ 10075270 f   PlatWin.obj
 0001:00074290       ??1Window@@UAE@XZ          10075290 f   PlatWin.obj
 0001:000742a0       ?Destroy@Window@@QAEXXZ    100752a0 f   PlatWin.obj
 0001:000742c0       ?HasFocus@Window@@QAE_NXZ  100752c0 f   PlatWin.obj
 0001:000742e0       ?GetPosition@Window@@QAE?AVPRectangle@@XZ 100752e0 f   PlatWin.obj
 0001:00074330       ?SetPosition@Window@@QAEXVPRectangle@@@Z 10075330 f   PlatWin.obj
 0001:00074360       ?SetPositionRelative@Window@@QAEXVPRectangle@@V1@@Z 10075360 f   PlatWin.obj
 0001:00074420       ?GetClientPosition@Window@@QAE?AVPRectangle@@XZ 10075420 f   PlatWin.obj
 0001:00074480       ?Show@Window@@QAEX_N@Z     10075480 f   PlatWin.obj
 0001:000744b0       ?InvalidateAll@Window@@QAEXXZ 100754b0 f   PlatWin.obj
 0001:000744c0       ?InvalidateRectangle@Window@@QAEXVPRectangle@@@Z 100754c0 f   PlatWin.obj
 0001:00074530       ?SetFont@Window@@UAEXAAVFont@@@Z 10075530 f   PlatWin.obj
 0001:00074550       ?SetCursor@Window@@QAEXW4Cursor@1@@Z 10075550 f   PlatWin.obj
 0001:00074690       ?SetTitle@Window@@QAEXPBD@Z 10075690 f   PlatWin.obj
 0001:000746b0       ?GetMonitorRect@Window@@QAE?AVPRectangle@@VPoint@@@Z 100756b0 f   PlatWin.obj
 0001:000746d0       ?AllocWord@LineToItem@@AAEPADPBD@Z 100756d0 f   PlatWin.obj
 0001:00074770       ?AllocItem@LineToItem@@QAEPAUListItemData@@XZ 10075770 f   PlatWin.obj
 0001:000747e0       ?Append@LineToItem@@QAEPAUListItemData@@PBDH@Z 100757e0 f   PlatWin.obj
 0001:00074810       ??0ListBox@@QAE@XZ         10075810 f   PlatWin.obj
 0001:00074830       ??1ListBox@@UAE@XZ         10075830 f   PlatWin.obj
 0001:00074840       ?Create@ListBoxX@@UAEXAAVWindow@@HVPoint@@H_N@Z 10075840 f   PlatWin.obj
 0001:000748c0       ?SetFont@ListBoxX@@UAEXAAVFont@@@Z 100758c0 f   PlatWin.obj
 0001:00074930       ?SetAverageCharWidth@ListBoxX@@UAEXH@Z 10075930 f   PlatWin.obj
 0001:00074940       ?SetVisibleRows@ListBoxX@@UAEXH@Z 10075940 f   PlatWin.obj
 0001:00074950       ?GetVisibleRows@ListBoxX@@UBEHXZ 10075950 f   PlatWin.obj
 0001:00074960       ?GetHWND@ListBoxX@@ABEPAUHWND__@@XZ 10075960 f   PlatWin.obj
 0001:00074970       ?TextOffset@ListBoxX@@ABEHXZ 10075970 f   PlatWin.obj
 0001:00074990       ?Clear@ListBoxX@@UAEXXZ    10075990 f   PlatWin.obj
 0001:000749e0       ?Append@ListBoxX@@UAEXPADH@Z 100759e0 f   PlatWin.obj
 0001:00074a50       ?Length@ListBoxX@@UAEHXZ   10075a50 f   PlatWin.obj
 0001:00074a60       ?GetSelection@ListBoxX@@UAEHXZ 10075a60 f   PlatWin.obj
 0001:00074a80       ?Find@ListBoxX@@UAEHPBD@Z  10075a80 f   PlatWin.obj
 0001:00074a90       ?GetValue@ListBoxX@@UAEXHPADH@Z 10075a90 f   PlatWin.obj
 0001:00074ae0       ?RegisterImage@ListBoxX@@UAEXHPBD@Z 10075ae0 f   PlatWin.obj
 0001:00074af0       ?ClearRegisteredImages@ListBoxX@@UAEXXZ 10075af0 f   PlatWin.obj
 0001:00074b00       ?AppendListItem@ListBoxX@@AAEXPBD0@Z 10075b00 f   PlatWin.obj
 0001:00074b70       ?AdjustWindowRect@ListBoxX@@ABEXPAVPRectangle@@@Z 10075b70 f   PlatWin.obj
 0001:00074b90       ?ItemHeight@ListBoxX@@ABEHXZ 10075b90 f   PlatWin.obj
 0001:00074bc0       ?MinClientWidth@ListBoxX@@ABEHXZ 10075bc0 f   PlatWin.obj
 0001:00074be0       ?MinTrackSize@ListBoxX@@ABE?AUtagPOINT@@XZ 10075be0 f   PlatWin.obj
 0001:00074c70       ?MaxTrackSize@ListBoxX@@ABE?AUtagPOINT@@XZ 10075c70 f   PlatWin.obj
 0001:00074d30       ?SetRedraw@ListBoxX@@AAEX_N@Z 10075d30 f   PlatWin.obj
 0001:00074d70       ?StartResize@ListBoxX@@AAEXI@Z 10075d70 f   PlatWin.obj
 0001:00074e60       ?NcHitTest@ListBoxX@@ABEHIJ@Z 10075e60 f   PlatWin.obj
 0001:00074f50       ?OnDoubleClick@ListBoxX@@AAEXXZ 10075f50 f   PlatWin.obj
 0001:00074f60       ?GetClientExtent@ListBoxX@@ABE?AVPoint@@XZ 10075f60 f   PlatWin.obj
 0001:00074fc0       ?CentreItem@ListBoxX@@AAEXH@Z 10075fc0 f   PlatWin.obj
 0001:00075090       ?Paint@ListBoxX@@AAEXPAUHDC__@@@Z 10076090 f   PlatWin.obj
 0001:00075190       ?ControlWndProc@ListBoxX@@CGJPAUHWND__@@IIJ@Z 10076190 f   PlatWin.obj
 0001:00075310       ?ListBoxX_Unregister@@YA_NXZ 10076310 f   PlatWin.obj
 0001:00075330       ??0Menu@@QAE@XZ            10076330 f   PlatWin.obj
 0001:00075340       ?Destroy@Menu@@QAEXXZ      10076340 f   PlatWin.obj
 0001:00075360       ?Show@Menu@@QAEXVPoint@@AAVWindow@@@Z 10076360 f   PlatWin.obj
 0001:000753a0       ??0ElapsedTime@@QAE@XZ     100763a0 f   PlatWin.obj
 0001:00075400       ?Duration@ElapsedTime@@QAEN_N@Z 10076400 f   PlatWin.obj
 0001:00075470       ?Chrome@Platform@@SA?AVColourDesired@@XZ 10076470 f   PlatWin.obj
 0001:00075490       ?ChromeHighlight@Platform@@SA?AVColourDesired@@XZ 10076490 f   PlatWin.obj
 0001:000754b0       ?DefaultFont@Platform@@SAPBDXZ 100764b0 f   PlatWin.obj
 0001:000754c0       ?DefaultFontSize@Platform@@SAHXZ 100764c0 f   PlatWin.obj
 0001:000754d0       ?DoubleClickTime@Platform@@SAIXZ 100764d0 f   PlatWin.obj
 0001:000754e0       ?MouseButtonBounce@Platform@@SA_NXZ 100764e0 f   PlatWin.obj
 0001:000754f0       ?DebugDisplay@Platform@@SAXPBD@Z 100764f0 f   PlatWin.obj
 0001:00075500       ?IsKeyDown@Platform@@SA_NH@Z 10076500 f   PlatWin.obj
 0001:00075520       ?SendScintilla@Platform@@SAJPAXIKJ@Z 10076520 f   PlatWin.obj
 0001:00075540       ?SendScintillaPointer@Platform@@SAJPAXIK0@Z 10076540 f   PlatWin.obj
 0001:00075560       ?IsDBCSLeadByte@Platform@@SA_NHD@Z 10076560 f   PlatWin.obj
 0001:00075580       ?DBCSCharLength@Platform@@SAHHPBD@Z 10076580 f   PlatWin.obj
 0001:000755a0       ?DBCSCharMaxLength@Platform@@SAHXZ 100765a0 f   PlatWin.obj
 0001:000755b0       ?Minimum@Platform@@SAHHH@Z 100765b0 f   PlatWin.obj
 0001:000755d0       ?Maximum@Platform@@SAHHH@Z 100765d0 f   PlatWin.obj
 0001:000755f0       ?DebugPrintf@Platform@@SAXPBDZZ 100765f0 f   PlatWin.obj
 0001:00075600       ?ShowAssertionPopUps@Platform@@SA_N_N@Z 10076600 f   PlatWin.obj
 0001:00075620       ?Assert@Platform@@SAXPBD0H@Z 10076620 f   PlatWin.obj
 0001:00075700       ?Clamp@Platform@@SAHHHH@Z  10076700 f   PlatWin.obj
 0001:00075720       ?Platform_Finalise@@YAXXZ  10076720 f   PlatWin.obj
 0001:00075740       ?Release@Palette@@QAEXXZ   10076740 f   PlatWin.obj
 0001:000757d0       ?WantFind@Palette@@QAEXAAUColourPair@@_N@Z 100767d0 f   PlatWin.obj
 0001:000758f0       ??0FontCached@@AAE@PBDHH_N1H@Z 100768f0 f   PlatWin.obj
 0001:00075990       ?FindOrCreate@FontCached@@SAPAXPBDHH_N1H@Z 10076990 f   PlatWin.obj
 0001:00075a90       ?Create@Font@@UAEXPBDHH_N1H@Z 10076a90 f   PlatWin.obj
 0001:00075ad0       ??1SurfaceImpl@@UAE@XZ     10076ad0 f   PlatWin.obj
 0001:00075af0       ?AlphaRectangle@SurfaceImpl@@UAEXVPRectangle@@HVColourAllocated@@H1HH@Z 10076af0 f   PlatWin.obj
 0001:00075ea0       ?WidthText@SurfaceImpl@@UAEHAAVFont@@PBDH@Z 10076ea0 f   PlatWin.obj
 0001:00075fa0       ?MeasureWidths@SurfaceImpl@@UAEXAAVFont@@PBDHPAH@Z 10076fa0 f   PlatWin.obj
 0001:00076420       ?Allocate@ListBox@@SAPAV1@XZ 10077420 f   PlatWin.obj
 0001:00076490       ?GetDesiredRect@ListBoxX@@UAE?AVPRectangle@@XZ 10077490 f   PlatWin.obj
 0001:000766c0       ?CaretFromEdge@ListBoxX@@UAEHXZ 100776c0 f   PlatWin.obj
 0001:00076720       ?Select@ListBoxX@@UAEXH@Z  10077720 f   PlatWin.obj
 0001:00076780       ?Draw@ListBoxX@@QAEXPAUtagDRAWITEMSTRUCT@@@Z 10077780 f   PlatWin.obj
 0001:00076a50       ?SetList@ListBoxX@@UAEXPBDDD@Z 10077a50 f   PlatWin.obj
 0001:00076b60       ?ResizeToCursor@ListBoxX@@AAEXXZ 10077b60 f   PlatWin.obj
 0001:00076cc0       ?WndProc@ListBoxX@@QAEJPAUHWND__@@IIJ@Z 10077cc0 f   PlatWin.obj
 0001:00077070       ?StaticWndProc@ListBoxX@@SGJPAUHWND__@@IIJ@Z 10078070 f   PlatWin.obj
[...]
 0001:00095b5c       __ehhandler$?Drop@ScintillaWin@@QAGJPAUIDataObject@@KU_POINTL@@PAK@Z 10096b5c f   ScintillaWin.obj
 0001:00095b77       __ehhandler$?CTWndProc@ScintillaWin@@CGJPAUHWND__@@IIJ@Z 10096b77 f   ScintillaWin.obj
 0001:00095b9c       __ehhandler$?FormatEnumerator_Clone@@YGJPAVFormatEnumerator@@PAPAUIEnumFORMATETC@@@Z 10096b9c f   ScintillaWin.obj
 0001:00095bb7       __ehhandler$?DataObject_EnumFormatEtc@@YGJPAVDataObject@@KPAPAUIEnumFORMATETC@@@Z 10096bb7 f   ScintillaWin.obj
 0001:00095bd2       __ehhandler$?DropTarget_DragEnter@@YGJPAVDropTarget@@PAUIDataObject@@KU_POINTL@@PAK@Z 10096bd2 f   ScintillaWin.obj
 0001:00095bed       __ehhandler$?DropTarget_DragOver@@YGJPAVDropTarget@@KU_POINTL@@PAK@Z 10096bed f   ScintillaWin.obj
 0001:00095c08       __ehhandler$?DropTarget_DragLeave@@YGJPAVDropTarget@@@Z 10096c08 f   ScintillaWin.obj
 0001:00095c23       __ehhandler$?DropTarget_Drop@@YGJPAVDropTarget@@PAUIDataObject@@KU_POINTL@@PAK@Z 10096c23 f   ScintillaWin.obj
 0001:00095c3e       __unwindfunclet$?SWndProc@ScintillaWin@@CGJPAUHWND__@@IIJ@Z$4 10096c3e f   ScintillaWin.obj
 0001:00095c49       __ehhandler$?SWndProc@ScintillaWin@@CGJPAUHWND__@@IIJ@Z 10096c49 f   ScintillaWin.obj
 0001:00095c64       __unwindfunclet$?WndPaint@ScintillaWin@@AAEJK@Z$0 10096c64 f   ScintillaWin.obj
 0001:00095c6c       __ehhandler$?WndPaint@ScintillaWin@@AAEJK@Z 10096c6c f   ScintillaWin.obj
 0001:00095c91       __ehhandler$?WndProc@ScintillaWin@@UAEJIKJ@Z 10096c91 f   ScintillaWin.obj
 0001:00095cb9       __unwindfunclet$?Copy@ScintillaWin@@EAEXXZ$0 10096cb9 f   ScintillaWin.obj
 0001:00095cc1       __ehhandler$?Copy@ScintillaWin@@EAEXXZ 10096cc1 f   ScintillaWin.obj
 0001:00095cdc       __unwindfunclet$?CopyAllowLine@ScintillaWin@@EAEXXZ$0 10096cdc f   ScintillaWin.obj
 0001:00095ce4       __ehhandler$?CopyAllowLine@ScintillaWin@@EAEXXZ 10096ce4 f   ScintillaWin.obj
 0001:00095cff       __unwindfunclet$?CaseFolderForEncoding@ScintillaWin@@EAEPAVCaseFolder@@XZ$0 10096cff f   ScintillaWin.obj
 0001:00095d0a       __unwindfunclet$?CaseFolderForEncoding@ScintillaWin@@EAEPAVCaseFolder@@XZ$1 10096d0a f   ScintillaWin.obj
 0001:00095d15       __ehhandler$?CaseFolderForEncoding@ScintillaWin@@EAEPAVCaseFolder@@XZ 10096d15 f   ScintillaWin.obj
 0001:00095d3a       __unwindfunclet$?CaseMapString@ScintillaWin@@EAE?AV?$basic_string@DU?$char_traits@D@std@@V?$allocator@D@2@@std@@ABV23@H@Z$1 10096d3a f   ScintillaWin.obj
 0001:00095d45       __unwindfunclet$?CaseMapString@ScintillaWin@@EAE?AV?$basic_string@DU?$char_traits@D@std@@V?$allocator@D@2@@std@@ABV23@H@Z$2 10096d45 f   ScintillaWin.obj
 0001:00095d50       __unwindfunclet$?CaseMapString@ScintillaWin@@EAE?AV?$basic_string@DU?$char_traits@D@std@@V?$allocator@D@2@@std@@ABV23@H@Z$3 10096d50 f   ScintillaWin.obj
 0001:00095d5b       __ehhandler$?CaseMapString@ScintillaWin@@EAE?AV?$basic_string@DU?$char_traits@D@std@@V?$allocator@D@2@@std@@ABV23@H@Z 10096d5b f   ScintillaWin.obj
 0001:00095d90       __unwindfunclet$??0CaseFolderUTF8@@QAE@XZ$0 10096d90 f   ScintillaWin.obj
 0001:00095d98       __unwindfunclet$??0CaseFolderUTF8@@QAE@XZ$1 10096d98 f   ScintillaWin.obj
 0001:00095da6       __unwindfunclet$??0CaseFolderUTF8@@QAE@XZ$2 10096da6 f   ScintillaWin.obj
 0001:00095db4       __ehhandler$??0CaseFolderUTF8@@QAE@XZ 10096db4 f   ScintillaWin.obj
 0001:00095dd0       __ehhandler$?reserve@?$vector@USelectionRange@@V?$allocator@USelectionRange@@@std@@@std@@QAEXI@Z 10096dd0 f   Selection.obj
 0001:00095df0       __unwindfunclet$??0Selection@@QAE@XZ$0 10096df0 f   Selection.obj
 0001:00095df8       __unwindfunclet$??0Selection@@QAE@XZ$1 10096df8 f   Selection.obj
 0001:00095e03       __ehhandler$??0Selection@@QAE@XZ 10096e03 f   Selection.obj
 0001:00095e20       __unwindfunclet$??1Style@@QAE@XZ$0 10096e20 f   Style.obj
 0001:00095e2b       __ehhandler$??1Style@@QAE@XZ 10096e2b f   Style.obj
 0001:00095e46       __unwindfunclet$??0Style@@QAE@XZ$0 10096e46 f   Style.obj
 0001:00095e51       __ehhandler$??0Style@@QAE@XZ 10096e51 f   Style.obj
 0001:00095e6c       __unwindfunclet$??0Style@@QAE@ABV0@@Z$0 10096e6c f   Style.obj
 0001:00095e77       __ehhandler$??0Style@@QAE@ABV0@@Z 10096e77 f   Style.obj
 0001:00095ea0       __unwindfunclet$?AllocStyles@ViewStyle@@QAEXI@Z$0 10096ea0 f   ViewStyle.obj
 0001:00095eab       __ehhandler$?AllocStyles@ViewStyle@@QAEXI@Z 10096eab f   ViewStyle.obj
 0001:00095ec6       __unwindfunclet$??1ViewStyle@@QAE@XZ$0 10096ec6 f   ViewStyle.obj
 0001:00095ece       __unwindfunclet$??1ViewStyle@@QAE@XZ$1 10096ece f   ViewStyle.obj
 0001:00095ee4       __ehhandler$??1ViewStyle@@QAE@XZ 10096ee4 f   ViewStyle.obj
 0001:00095eff       __unwindfunclet$??0ViewStyle@@QAE@XZ$0 10096eff f   ViewStyle.obj
 0001:00095f07       __unwindfunclet$??0ViewStyle@@QAE@XZ$1 10096f07 f   ViewStyle.obj
 0001:00095f1d       __ehhandler$??0ViewStyle@@QAE@XZ 10096f1d f   ViewStyle.obj
 0001:00095f38       __unwindfunclet$??0ViewStyle@@QAE@ABV0@@Z$0 10096f38 f   ViewStyle.obj
 0001:00095f40       __unwindfunclet$??0ViewStyle@@QAE@ABV0@@Z$1 10096f40 f   ViewStyle.obj
 0001:00095f56       __ehhandler$??0ViewStyle@@QAE@ABV0@@Z 10096f56 f   ViewStyle.obj
 0001:00095f80       __unwindfunclet$?Add@XPMSet@@QAEXHPBD@Z$0 10096f80 f   XPM.obj
 0001:00095f8b       __ehhandler$?Add@XPMSet@@QAEXHPBD@Z 10096f8b f   XPM.obj
 0001:00095fa6       __ehhandler$?CallUnexpected@@YAXPBU_s_ESTypeList@@@Z 10096fa6 f   LIBCMT:frame.obj
 0001:00095fd0       ??__Eminder@@YAXXZ         10096fd0 f   ExternalLexer.obj
 0001:00095fe0       ??__ElmAbaqus@@YAXXZ       10096fe0 f   LexAbaqus.obj
 0001:00096010       ??__ElmAda@@YAXXZ          10097010 f   LexAda.obj
 0001:00096040       ??__ElmAPDL@@YAXXZ         10097040 f   LexAPDL.obj
 0001:00096070       ??__ElmAsm@@YAXXZ          10097070 f   LexAsm.obj
 0001:000960a0       ??__ElmAns1@@YAXXZ         100970a0 f   LexAsn1.obj
 0001:000960d0       ??__ElmASY@@YAXXZ          100970d0 f   LexASY.obj
 0001:00096100       ??__ElmAU3@@YAXXZ          10097100 f   LexAU3.obj
 0001:00096130       ??__ElmAVE@@YAXXZ          10097130 f   LexAVE.obj
 0001:00096160       ??__ElmBaan@@YAXXZ         10097160 f   LexBaan.obj
 0001:00096190       ??__ElmBash@@YAXXZ         10097190 f   LexBash.obj
 0001:000961c0       ??__ElmBlitzBasic@@YAXXZ   100971c0 f   LexBasic.obj
 0001:000961f0       ??__ElmPureBasic@@YAXXZ    100971f0 f   LexBasic.obj
 0001:00096220       ??__ElmFreeBasic@@YAXXZ    10097220 f   LexBasic.obj
 0001:00096250       ??__ElmBullant@@YAXXZ      10097250 f   LexBullant.obj
 0001:00096280       ??__ElmCaml@@YAXXZ         10097280 f   LexCaml.obj
 0001:000962b0       ??__ElmClw@@YAXXZ          100972b0 f   LexCLW.obj
 0001:000962e0       ??__ElmClwNoCase@@YAXXZ    100972e0 f   LexCLW.obj
 0001:00096310       ??__ElmCmake@@YAXXZ        10097310 f   LexCmake.obj
 0001:00096340       ??__ElmCOBOL@@YAXXZ        10097340 f   LexCOBOL.obj
 0001:00096370       ??__ElmConf@@YAXXZ         10097370 f   LexConf.obj
 0001:000963a0       ??__ElmCPP@@YAXXZ          100973a0 f   LexCPP.obj
 0001:000963d0       ??__ElmCPPNoCase@@YAXXZ    100973d0 f   LexCPP.obj
 0001:00096400       ??__ElmNncrontab@@YAXXZ    10097400 f   LexCrontab.obj
 0001:00096430       ??__ElmCsound@@YAXXZ       10097430 f   LexCsound.obj
 0001:00096460       ??__ElmCss@@YAXXZ          10097460 f   LexCSS.obj
 0001:00096490       ??__ElmD@@YAXXZ            10097490 f   LexD.obj
 0001:000964c0       ??__ElmEiffel@@YAXXZ       100974c0 f   LexEiffel.obj
 0001:000964f0       ??__ElmEiffelkw@@YAXXZ     100974f0 f   LexEiffel.obj
 0001:00096520       ??__ElmErlang@@YAXXZ       10097520 f   LexErlang.obj
 0001:00096550       ??__ElmESCRIPT@@YAXXZ      10097550 f   LexEScript.obj
 0001:00096580       ??__ElmFlagShip@@YAXXZ     10097580 f   LexFlagship.obj
 0001:000965b0       ??__ElmForth@@YAXXZ        100975b0 f   LexForth.obj
 0001:000965e0       ??__ElmFortran@@YAXXZ      100975e0 f   LexFortran.obj
 0001:00096610       ??__ElmF77@@YAXXZ          10097610 f   LexFortran.obj
 0001:00096640       ??__ElmGAP@@YAXXZ          10097640 f   LexGAP.obj
 0001:00096670       ??__ElmGui4Cli@@YAXXZ      10097670 f   LexGui4Cli.obj
 0001:000966a0       ??__ElmHaskell@@YAXXZ      100976a0 f   LexHaskell.obj
 0001:000966d0       ??__ElmHTML@@YAXXZ         100976d0 f   LexHTML.obj
 0001:00096700       ??__ElmXML@@YAXXZ          10097700 f   LexHTML.obj
 0001:00096730       ??__ElmPHPSCRIPT@@YAXXZ    10097730 f   LexHTML.obj
 0001:00096760       ??__ElmInno@@YAXXZ         10097760 f   LexInno.obj
 0001:00096790       ??__ElmKix@@YAXXZ          10097790 f   LexKix.obj
 0001:000967c0       ??__ElmLISP@@YAXXZ         100977c0 f   LexLisp.obj
 0001:000967f0       ??__ElmLout@@YAXXZ         100977f0 f   LexLout.obj
 0001:00096820       ??__ElmLua@@YAXXZ          10097820 f   LexLua.obj
 0001:00096850       ??__ElmMagikSF@@YAXXZ      10097850 f   LexMagik.obj
 0001:00096880       ??__ElmMarkdown@@YAXXZ     10097880 f   LexMarkdown.obj
 0001:000968b0       ??__ElmMatlab@@YAXXZ       100978b0 f   LexMatlab.obj
 0001:000968e0       ??__ElmOctave@@YAXXZ       100978e0 f   LexMatlab.obj
 0001:00096910       ??__ElmMETAPOST@@YAXXZ     10097910 f   LexMetapost.obj
 0001:00096940       ??__ElmMMIXAL@@YAXXZ       10097940 f   LexMMIXAL.obj
 0001:00096970       ??__ElmLot@@YAXXZ          10097970 f   LexMPT.obj
 0001:000969a0       ??__ElmMSSQL@@YAXXZ        100979a0 f   LexMSSQL.obj
 0001:000969d0       ??__ElmMySQL@@YAXXZ        100979d0 f   LexMySQL.obj
 0001:00096a00       ??__ElmNimrod@@YAXXZ       10097a00 f   LexNimrod.obj
 0001:00096a30       ??__ElmNsis@@YAXXZ         10097a30 f   LexNsis.obj
 0001:00096a60       ??__ElmOpal@@YAXXZ         10097a60 f   LexOpal.obj
 0001:00096a90       ??__ElmBatch@@YAXXZ        10097a90 f   LexOthers.obj
 0001:00096ac0       ??__ElmDiff@@YAXXZ         10097ac0 f   LexOthers.obj
 0001:00096af0       ??__ElmPo@@YAXXZ           10097af0 f   LexOthers.obj
 0001:00096b20       ??__ElmProps@@YAXXZ        10097b20 f   LexOthers.obj
 0001:00096b50       ??__ElmMake@@YAXXZ         10097b50 f   LexOthers.obj
 0001:00096b80       ??__ElmErrorList@@YAXXZ    10097b80 f   LexOthers.obj
 0001:00096bb0       ??__ElmLatex@@YAXXZ        10097bb0 f   LexOthers.obj
 0001:00096be0       ??__ElmNull@@YAXXZ         10097be0 f   LexOthers.obj
 0001:00096c10       ??__ElmPascal@@YAXXZ       10097c10 f   LexPascal.obj
 0001:00096c40       ??__ElmPB@@YAXXZ           10097c40 f   LexPB.obj
 0001:00096c70       ??__ElmPerl@@YAXXZ         10097c70 f   LexPerl.obj
 0001:00096ca0       ??__ElmPLM@@YAXXZ          10097ca0 f   LexPLM.obj
 0001:00096cd0       ??__ElmPOV@@YAXXZ          10097cd0 f   LexPOV.obj
 0001:00096d00       ??__ElmPowerPro@@YAXXZ     10097d00 f   LexPowerPro.obj
 0001:00096d30       ??__ElmPowerShell@@YAXXZ   10097d30 f   LexPowerShell.obj
 0001:00096d60       ??__ElmProgress@@YAXXZ     10097d60 f   LexProgress.obj
 0001:00096d90       ??__ElmPS@@YAXXZ           10097d90 f   LexPS.obj
 0001:00096dc0       ??__ElmPython@@YAXXZ       10097dc0 f   LexPython.obj
 0001:00096df0       ??__ElmR@@YAXXZ            10097df0 f   LexR.obj
 0001:00096e20       ??__ElmREBOL@@YAXXZ        10097e20 f   LexRebol.obj
 0001:00096e50       ??__ElmRuby@@YAXXZ         10097e50 f   LexRuby.obj
 0001:00096e80       ??__ElmScriptol@@YAXXZ     10097e80 f   LexScriptol.obj
 0001:00096eb0       ??__ElmSmalltalk@@YAXXZ    10097eb0 f   LexSmalltalk.obj
 0001:00096ee0       ??__ElmSML@@YAXXZ          10097ee0 f   LexSML.obj
 0001:00096f10       ??__ElmSorc@@YAXXZ         10097f10 f   LexSorcus.obj
 0001:00096f40       ??__ElmSpecman@@YAXXZ      10097f40 f   LexSpecman.obj
 0001:00096f70       ??__ElmSpice@@YAXXZ        10097f70 f   LexSpice.obj
 0001:00096fa0       ??__ElmSQL@@YAXXZ          10097fa0 f   LexSQL.obj
 0001:00096fd0       ??__ElmTACL@@YAXXZ         10097fd0 f   LexTACL.obj
 0001:00097000       ??__ElmTADS3@@YAXXZ        10098000 f   LexTADS3.obj
 0001:00097030       ??__ElmTAL@@YAXXZ          10098030 f   LexTAL.obj
 0001:00097060       ??__ElmTCL@@YAXXZ          10098060 f   LexTCL.obj
 0001:00097090       ??__ElmTeX@@YAXXZ          10098090 f   LexTeX.obj
 0001:000970c0       ??__ElmVB@@YAXXZ           100980c0 f   LexVB.obj
 0001:000970f0       ??__ElmVBScript@@YAXXZ     100980f0 f   LexVB.obj
 0001:00097120       ??__ElmVerilog@@YAXXZ      10098120 f   LexVerilog.obj
 0001:00097150       ??__ElmVHDL@@YAXXZ         10098150 f   LexVHDL.obj
 0001:00097180       ??__ElmYAML@@YAXXZ         10098180 f   LexYAML.obj
 0001:000971b0       ??__Fminder@@YAXXZ         100981b0 f   ExternalLexer.obj
 0001:000971e0       ??__FlmAbaqus@@YAXXZ       100981e0 f   LexAbaqus.obj
 0001:000971f0       ??__FlmAda@@YAXXZ          100981f0 f   LexAda.obj
 0001:00097200       ??__FlmAPDL@@YAXXZ         10098200 f   LexAPDL.obj
 0001:00097210       ??__FlmAsm@@YAXXZ          10098210 f   LexAsm.obj
 0001:00097220       ??__FlmAns1@@YAXXZ         10098220 f   LexAsn1.obj
 0001:00097230       ??__FlmASY@@YAXXZ          10098230 f   LexASY.obj
 0001:00097240       ??__FlmAU3@@YAXXZ          10098240 f   LexAU3.obj
 0001:00097250       ??__FlmAVE@@YAXXZ          10098250 f   LexAVE.obj
 0001:00097260       ??__FlmBaan@@YAXXZ         10098260 f   LexBaan.obj
 0001:00097270       ??__FlmBash@@YAXXZ         10098270 f   LexBash.obj
 0001:00097280       ??__FlmBlitzBasic@@YAXXZ   10098280 f   LexBasic.obj
 0001:00097290       ??__FlmPureBasic@@YAXXZ    10098290 f   LexBasic.obj
 0001:000972a0       ??__FlmFreeBasic@@YAXXZ    100982a0 f   LexBasic.obj
 0001:000972b0       ??__FlmBullant@@YAXXZ      100982b0 f   LexBullant.obj
 0001:000972c0       ??__FlmCaml@@YAXXZ         100982c0 f   LexCaml.obj
 0001:000972d0       ??__FlmClw@@YAXXZ          100982d0 f   LexCLW.obj
 0001:000972e0       ??__FlmClwNoCase@@YAXXZ    100982e0 f   LexCLW.obj
 0001:000972f0       ??__FlmCmake@@YAXXZ        100982f0 f   LexCmake.obj
 0001:00097300       ??__FlmCOBOL@@YAXXZ        10098300 f   LexCOBOL.obj
 0001:00097310       ??__FlmConf@@YAXXZ         10098310 f   LexConf.obj
 0001:00097320       ??__FlmCPP@@YAXXZ          10098320 f   LexCPP.obj
 0001:00097330       ??__FlmCPPNoCase@@YAXXZ    10098330 f   LexCPP.obj
 0001:00097340       ??__FlmNncrontab@@YAXXZ    10098340 f   LexCrontab.obj
 0001:00097350       ??__FlmCsound@@YAXXZ       10098350 f   LexCsound.obj
 0001:00097360       ??__FlmCss@@YAXXZ          10098360 f   LexCSS.obj
 0001:00097370       ??__FlmD@@YAXXZ            10098370 f   LexD.obj
 0001:00097380       ??__FlmEiffel@@YAXXZ       10098380 f   LexEiffel.obj
 0001:00097390       ??__FlmEiffelkw@@YAXXZ     10098390 f   LexEiffel.obj
 0001:000973a0       ??__FlmErlang@@YAXXZ       100983a0 f   LexErlang.obj
 0001:000973b0       ??__FlmESCRIPT@@YAXXZ      100983b0 f   LexEScript.obj
 0001:000973c0       ??__FlmFlagShip@@YAXXZ     100983c0 f   LexFlagship.obj
 0001:000973d0       ??__FlmForth@@YAXXZ        100983d0 f   LexForth.obj
 0001:000973e0       ??__FlmFortran@@YAXXZ      100983e0 f   LexFortran.obj
 0001:000973f0       ??__FlmF77@@YAXXZ          100983f0 f   LexFortran.obj
 0001:00097400       ??__FlmGAP@@YAXXZ          10098400 f   LexGAP.obj
 0001:00097410       ??__FlmGui4Cli@@YAXXZ      10098410 f   LexGui4Cli.obj
 0001:00097420       ??__FlmHaskell@@YAXXZ      10098420 f   LexHaskell.obj
 0001:00097430       ??__FlmHTML@@YAXXZ         10098430 f   LexHTML.obj
 0001:00097440       ??__FlmXML@@YAXXZ          10098440 f   LexHTML.obj
 0001:00097450       ??__FlmPHPSCRIPT@@YAXXZ    10098450 f   LexHTML.obj
 0001:00097460       ??__FlmInno@@YAXXZ         10098460 f   LexInno.obj
 0001:00097470       ??__FlmKix@@YAXXZ          10098470 f   LexKix.obj
 0001:00097480       ??__FlmLISP@@YAXXZ         10098480 f   LexLisp.obj
 0001:00097490       ??__FlmLout@@YAXXZ         10098490 f   LexLout.obj
 0001:000974a0       ??__FlmLua@@YAXXZ          100984a0 f   LexLua.obj
 0001:000974b0       ??__FlmMagikSF@@YAXXZ      100984b0 f   LexMagik.obj
 0001:000974c0       ??__FlmMarkdown@@YAXXZ     100984c0 f   LexMarkdown.obj
 0001:000974d0       ??__FlmMatlab@@YAXXZ       100984d0 f   LexMatlab.obj
 0001:000974e0       ??__FlmOctave@@YAXXZ       100984e0 f   LexMatlab.obj
 0001:000974f0       ??__FlmMETAPOST@@YAXXZ     100984f0 f   LexMetapost.obj
 0001:00097500       ??__FlmMMIXAL@@YAXXZ       10098500 f   LexMMIXAL.obj
 0001:00097510       ??__FlmLot@@YAXXZ          10098510 f   LexMPT.obj
 0001:00097520       ??__FlmMSSQL@@YAXXZ        10098520 f   LexMSSQL.obj
 0001:00097530       ??__FlmMySQL@@YAXXZ        10098530 f   LexMySQL.obj
 0001:00097540       ??__FlmNimrod@@YAXXZ       10098540 f   LexNimrod.obj
 0001:00097550       ??__FlmNsis@@YAXXZ         10098550 f   LexNsis.obj
 0001:00097560       ??__FlmOpal@@YAXXZ         10098560 f   LexOpal.obj
 0001:00097570       ??__FlmBatch@@YAXXZ        10098570 f   LexOthers.obj
 0001:00097580       ??__FlmDiff@@YAXXZ         10098580 f   LexOthers.obj
 0001:00097590       ??__FlmPo@@YAXXZ           10098590 f   LexOthers.obj
 0001:000975a0       ??__FlmProps@@YAXXZ        100985a0 f   LexOthers.obj
 0001:000975b0       ??__FlmMake@@YAXXZ         100985b0 f   LexOthers.obj
 0001:000975c0       ??__FlmErrorList@@YAXXZ    100985c0 f   LexOthers.obj
 0001:000975d0       ??__FlmLatex@@YAXXZ        100985d0 f   LexOthers.obj
 0001:000975e0       ??__FlmNull@@YAXXZ         100985e0 f   LexOthers.obj
 0001:000975f0       ??__FlmPascal@@YAXXZ       100985f0 f   LexPascal.obj
 0001:00097600       ??__FlmPB@@YAXXZ           10098600 f   LexPB.obj
 0001:00097610       ??__FlmPerl@@YAXXZ         10098610 f   LexPerl.obj
 0001:00097620       ??__FlmPLM@@YAXXZ          10098620 f   LexPLM.obj
 0001:00097630       ??__FlmPOV@@YAXXZ          10098630 f   LexPOV.obj
 0001:00097640       ??__FlmPowerPro@@YAXXZ     10098640 f   LexPowerPro.obj
 0001:00097650       ??__FlmPowerShell@@YAXXZ   10098650 f   LexPowerShell.obj
 0001:00097660       ??__FlmProgress@@YAXXZ     10098660 f   LexProgress.obj
 0001:00097670       ??__FlmPS@@YAXXZ           10098670 f   LexPS.obj
 0001:00097680       ??__FlmPython@@YAXXZ       10098680 f   LexPython.obj
 0001:00097690       ??__FlmR@@YAXXZ            10098690 f   LexR.obj
 0001:000976a0       ??__FlmREBOL@@YAXXZ        100986a0 f   LexRebol.obj
 0001:000976b0       ??__FlmRuby@@YAXXZ         100986b0 f   LexRuby.obj
 0001:000976c0       ??__FlmScriptol@@YAXXZ     100986c0 f   LexScriptol.obj
 0001:000976d0       ??__FlmSmalltalk@@YAXXZ    100986d0 f   LexSmalltalk.obj
 0001:000976e0       ??__FlmSML@@YAXXZ          100986e0 f   LexSML.obj
 0001:000976f0       ??__FlmSorc@@YAXXZ         100986f0 f   LexSorcus.obj
 0001:00097700       ??__FlmSpecman@@YAXXZ      10098700 f   LexSpecman.obj
 0001:00097710       ??__FlmSpice@@YAXXZ        10098710 f   LexSpice.obj
 0001:00097720       ??__FlmSQL@@YAXXZ          10098720 f   LexSQL.obj
 0001:00097730       ??__FlmTACL@@YAXXZ         10098730 f   LexTACL.obj
 0001:00097740       ??__FlmTADS3@@YAXXZ        10098740 f   LexTADS3.obj
 0001:00097750       ??__FlmTAL@@YAXXZ          10098750 f   LexTAL.obj
 0001:00097760       ??__FlmTCL@@YAXXZ          10098760 f   LexTCL.obj
 0001:00097770       ??__FlmTeX@@YAXXZ          10098770 f   LexTeX.obj
 0001:00097780       ??__FlmVB@@YAXXZ           10098780 f   LexVB.obj
 0001:00097790       ??__FlmVBScript@@YAXXZ     10098790 f   LexVB.obj
 0001:000977a0       ??__FlmVerilog@@YAXXZ      100987a0 f   LexVerilog.obj
 0001:000977b0       ??__FlmVHDL@@YAXXZ         100987b0 f   LexVHDL.obj
 0001:000977c0       ??__FlmYAML@@YAXXZ         100987c0 f   LexYAML.obj
 0001:000977cb       ??__Fnomem@?5???2@YAPAXI@Z@YAXXZ 100987cb f   LIBCMT:new.obj
